10:57:20 **** Clean-only build of configuration Debug for project hackdays ****
make clean 
rm -rf *
 
10:57:24 **** Build of configuration Debug for project hackdays ****
make all 
Building file: ../startup/startup_stm32f429xx.s
Invoking: MCU GCC Assembler
/home/alxhoff/git/GitHub/FC-Bayern-Hackdays/stm32f4/hackdays/Debug
arm-none-eabi-as -mcpu=cortex-m4 -mthumb -mfloat-abi=hard -mfpu=fpv4-sp-d16 -g -o "startup/startup_stm32f429xx.o" "../startup/startup_stm32f429xx.s"
Finished building: ../startup/startup_stm32f429xx.s
 
Building file: ../Src/freertos.c
Invoking: MCU GCC Compiler
/home/alxhoff/git/GitHub/FC-Bayern-Hackdays/stm32f4/hackdays/Debug
arm-none-eabi-gcc -mcpu=cortex-m4 -mthumb -mfloat-abi=hard -mfpu=fpv4-sp-d16 '-D__weak=__attribute__((weak))' '-D__packed="__attribute__((__packed__))"' -DUSE_HAL_DRIVER -DSTM32F429xx -I"/home/alxhoff/git/GitHub/FC-Bayern-Hackdays/stm32f4/hackdays/Inc" -I"/home/alxhoff/git/GitHub/FC-Bayern-Hackdays/stm32f4/hackdays/Drivers/STM32F4xx_HAL_Driver/Inc" -I"/home/alxhoff/git/GitHub/FC-Bayern-Hackdays/stm32f4/hackdays/Drivers/STM32F4xx_HAL_Driver/Inc/Legacy" -I"/home/alxhoff/git/GitHub/FC-Bayern-Hackdays/stm32f4/hackdays/Middlewares/Third_Party/FreeRTOS/Source/portable/GCC/ARM_CM4F" -I"/home/alxhoff/git/GitHub/FC-Bayern-Hackdays/stm32f4/hackdays/Drivers/CMSIS/Device/ST/STM32F4xx/Include" -I"/home/alxhoff/git/GitHub/FC-Bayern-Hackdays/stm32f4/hackdays/Middlewares/Third_Party/FreeRTOS/Source/include" -I"/home/alxhoff/git/GitHub/FC-Bayern-Hackdays/stm32f4/hackdays/Middlewares/Third_Party/FreeRTOS/Source/CMSIS_RTOS" -I"/home/alxhoff/git/GitHub/FC-Bayern-Hackdays/stm32f4/hackdays/Drivers/CMSIS/Include" -I"/home/alxhoff/git/GitHub/FC-Bayern-Hackdays/stm32f4/hackdays/Inc"  -Og -g3 -Wall -fmessage-length=0 -ffunction-sections -c -fmessage-length=0 -MMD -MP -MF"Src/freertos.d" -MT"Src/freertos.o" -o "Src/freertos.o" "../Src/freertos.c"
Finished building: ../Src/freertos.c
 
Building file: ../Src/main.c
Invoking: MCU GCC Compiler
/home/alxhoff/git/GitHub/FC-Bayern-Hackdays/stm32f4/hackdays/Debug
arm-none-eabi-gcc -mcpu=cortex-m4 -mthumb -mfloat-abi=hard -mfpu=fpv4-sp-d16 '-D__weak=__attribute__((weak))' '-D__packed="__attribute__((__packed__))"' -DUSE_HAL_DRIVER -DSTM32F429xx -I"/home/alxhoff/git/GitHub/FC-Bayern-Hackdays/stm32f4/hackdays/Inc" -I"/home/alxhoff/git/GitHub/FC-Bayern-Hackdays/stm32f4/hackdays/Drivers/STM32F4xx_HAL_Driver/Inc" -I"/home/alxhoff/git/GitHub/FC-Bayern-Hackdays/stm32f4/hackdays/Drivers/STM32F4xx_HAL_Driver/Inc/Legacy" -I"/home/alxhoff/git/GitHub/FC-Bayern-Hackdays/stm32f4/hackdays/Middlewares/Third_Party/FreeRTOS/Source/portable/GCC/ARM_CM4F" -I"/home/alxhoff/git/GitHub/FC-Bayern-Hackdays/stm32f4/hackdays/Drivers/CMSIS/Device/ST/STM32F4xx/Include" -I"/home/alxhoff/git/GitHub/FC-Bayern-Hackdays/stm32f4/hackdays/Middlewares/Third_Party/FreeRTOS/Source/include" -I"/home/alxhoff/git/GitHub/FC-Bayern-Hackdays/stm32f4/hackdays/Middlewares/Third_Party/FreeRTOS/Source/CMSIS_RTOS" -I"/home/alxhoff/git/GitHub/FC-Bayern-Hackdays/stm32f4/hackdays/Drivers/CMSIS/Include" -I"/home/alxhoff/git/GitHub/FC-Bayern-Hackdays/stm32f4/hackdays/Inc"  -Og -g3 -Wall -fmessage-length=0 -ffunction-sections -c -fmessage-length=0 -MMD -MP -MF"Src/main.d" -MT"Src/main.o" -o "Src/main.o" "../Src/main.c"
../Src/main.c: In function 'StartDefaultTask':
../Src/main.c:384:8: warning: unused variable 'message' [-Wunused-variable]
  char* message = "test message\n";
        ^~~~~~~
Finished building: ../Src/main.c
 
Building file: ../Src/stm32f4xx_hal_msp.c
Invoking: MCU GCC Compiler
/home/alxhoff/git/GitHub/FC-Bayern-Hackdays/stm32f4/hackdays/Debug
arm-none-eabi-gcc -mcpu=cortex-m4 -mthumb -mfloat-abi=hard -mfpu=fpv4-sp-d16 '-D__weak=__attribute__((weak))' '-D__packed="__attribute__((__packed__))"' -DUSE_HAL_DRIVER -DSTM32F429xx -I"/home/alxhoff/git/GitHub/FC-Bayern-Hackdays/stm32f4/hackdays/Inc" -I"/home/alxhoff/git/GitHub/FC-Bayern-Hackdays/stm32f4/hackdays/Drivers/STM32F4xx_HAL_Driver/Inc" -I"/home/alxhoff/git/GitHub/FC-Bayern-Hackdays/stm32f4/hackdays/Drivers/STM32F4xx_HAL_Driver/Inc/Legacy" -I"/home/alxhoff/git/GitHub/FC-Bayern-Hackdays/stm32f4/hackdays/Middlewares/Third_Party/FreeRTOS/Source/portable/GCC/ARM_CM4F" -I"/home/alxhoff/git/GitHub/FC-Bayern-Hackdays/stm32f4/hackdays/Drivers/CMSIS/Device/ST/STM32F4xx/Include" -I"/home/alxhoff/git/GitHub/FC-Bayern-Hackdays/stm32f4/hackdays/Middlewares/Third_Party/FreeRTOS/Source/include" -I"/home/alxhoff/git/GitHub/FC-Bayern-Hackdays/stm32f4/hackdays/Middlewares/Third_Party/FreeRTOS/Source/CMSIS_RTOS" -I"/home/alxhoff/git/GitHub/FC-Bayern-Hackdays/stm32f4/hackdays/Drivers/CMSIS/Include" -I"/home/alxhoff/git/GitHub/FC-Bayern-Hackdays/stm32f4/hackdays/Inc"  -Og -g3 -Wall -fmessage-length=0 -ffunction-sections -c -fmessage-length=0 -MMD -MP -MF"Src/stm32f4xx_hal_msp.d" -MT"Src/stm32f4xx_hal_msp.o" -o "Src/stm32f4xx_hal_msp.o" "../Src/stm32f4xx_hal_msp.c"
Finished building: ../Src/stm32f4xx_hal_msp.c
 
Building file: ../Src/stm32f4xx_hal_timebase_TIM.c
Invoking: MCU GCC Compiler
/home/alxhoff/git/GitHub/FC-Bayern-Hackdays/stm32f4/hackdays/Debug
arm-none-eabi-gcc -mcpu=cortex-m4 -mthumb -mfloat-abi=hard -mfpu=fpv4-sp-d16 '-D__weak=__attribute__((weak))' '-D__packed="__attribute__((__packed__))"' -DUSE_HAL_DRIVER -DSTM32F429xx -I"/home/alxhoff/git/GitHub/FC-Bayern-Hackdays/stm32f4/hackdays/Inc" -I"/home/alxhoff/git/GitHub/FC-Bayern-Hackdays/stm32f4/hackdays/Drivers/STM32F4xx_HAL_Driver/Inc" -I"/home/alxhoff/git/GitHub/FC-Bayern-Hackdays/stm32f4/hackdays/Drivers/STM32F4xx_HAL_Driver/Inc/Legacy" -I"/home/alxhoff/git/GitHub/FC-Bayern-Hackdays/stm32f4/hackdays/Middlewares/Third_Party/FreeRTOS/Source/portable/GCC/ARM_CM4F" -I"/home/alxhoff/git/GitHub/FC-Bayern-Hackdays/stm32f4/hackdays/Drivers/CMSIS/Device/ST/STM32F4xx/Include" -I"/home/alxhoff/git/GitHub/FC-Bayern-Hackdays/stm32f4/hackdays/Middlewares/Third_Party/FreeRTOS/Source/include" -I"/home/alxhoff/git/GitHub/FC-Bayern-Hackdays/stm32f4/hackdays/Middlewares/Third_Party/FreeRTOS/Source/CMSIS_RTOS" -I"/home/alxhoff/git/GitHub/FC-Bayern-Hackdays/stm32f4/hackdays/Drivers/CMSIS/Include" -I"/home/alxhoff/git/GitHub/FC-Bayern-Hackdays/stm32f4/hackdays/Inc"  -Og -g3 -Wall -fmessage-length=0 -ffunction-sections -c -fmessage-length=0 -MMD -MP -MF"Src/stm32f4xx_hal_timebase_TIM.d" -MT"Src/stm32f4xx_hal_timebase_TIM.o" -o "Src/stm32f4xx_hal_timebase_TIM.o" "../Src/stm32f4xx_hal_timebase_TIM.c"
Finished building: ../Src/stm32f4xx_hal_timebase_TIM.c
 
Building file: ../Src/stm32f4xx_it.c
Invoking: MCU GCC Compiler
/home/alxhoff/git/GitHub/FC-Bayern-Hackdays/stm32f4/hackdays/Debug
arm-none-eabi-gcc -mcpu=cortex-m4 -mthumb -mfloat-abi=hard -mfpu=fpv4-sp-d16 '-D__weak=__attribute__((weak))' '-D__packed="__attribute__((__packed__))"' -DUSE_HAL_DRIVER -DSTM32F429xx -I"/home/alxhoff/git/GitHub/FC-Bayern-Hackdays/stm32f4/hackdays/Inc" -I"/home/alxhoff/git/GitHub/FC-Bayern-Hackdays/stm32f4/hackdays/Drivers/STM32F4xx_HAL_Driver/Inc" -I"/home/alxhoff/git/GitHub/FC-Bayern-Hackdays/stm32f4/hackdays/Drivers/STM32F4xx_HAL_Driver/Inc/Legacy" -I"/home/alxhoff/git/GitHub/FC-Bayern-Hackdays/stm32f4/hackdays/Middlewares/Third_Party/FreeRTOS/Source/portable/GCC/ARM_CM4F" -I"/home/alxhoff/git/GitHub/FC-Bayern-Hackdays/stm32f4/hackdays/Drivers/CMSIS/Device/ST/STM32F4xx/Include" -I"/home/alxhoff/git/GitHub/FC-Bayern-Hackdays/stm32f4/hackdays/Middlewares/Third_Party/FreeRTOS/Source/include" -I"/home/alxhoff/git/GitHub/FC-Bayern-Hackdays/stm32f4/hackdays/Middlewares/Third_Party/FreeRTOS/Source/CMSIS_RTOS" -I"/home/alxhoff/git/GitHub/FC-Bayern-Hackdays/stm32f4/hackdays/Drivers/CMSIS/Include" -I"/home/alxhoff/git/GitHub/FC-Bayern-Hackdays/stm32f4/hackdays/Inc"  -Og -g3 -Wall -fmessage-length=0 -ffunction-sections -c -fmessage-length=0 -MMD -MP -MF"Src/stm32f4xx_it.d" -MT"Src/stm32f4xx_it.o" -o "Src/stm32f4xx_it.o" "../Src/stm32f4xx_it.c"
Finished building: ../Src/stm32f4xx_it.c
 
Building file: ../Src/system_stm32f4xx.c
Invoking: MCU GCC Compiler
/home/alxhoff/git/GitHub/FC-Bayern-Hackdays/stm32f4/hackdays/Debug
arm-none-eabi-gcc -mcpu=cortex-m4 -mthumb -mfloat-abi=hard -mfpu=fpv4-sp-d16 '-D__weak=__attribute__((weak))' '-D__packed="__attribute__((__packed__))"' -DUSE_HAL_DRIVER -DSTM32F429xx -I"/home/alxhoff/git/GitHub/FC-Bayern-Hackdays/stm32f4/hackdays/Inc" -I"/home/alxhoff/git/GitHub/FC-Bayern-Hackdays/stm32f4/hackdays/Drivers/STM32F4xx_HAL_Driver/Inc" -I"/home/alxhoff/git/GitHub/FC-Bayern-Hackdays/stm32f4/hackdays/Drivers/STM32F4xx_HAL_Driver/Inc/Legacy" -I"/home/alxhoff/git/GitHub/FC-Bayern-Hackdays/stm32f4/hackdays/Middlewares/Third_Party/FreeRTOS/Source/portable/GCC/ARM_CM4F" -I"/home/alxhoff/git/GitHub/FC-Bayern-Hackdays/stm32f4/hackdays/Drivers/CMSIS/Device/ST/STM32F4xx/Include" -I"/home/alxhoff/git/GitHub/FC-Bayern-Hackdays/stm32f4/hackdays/Middlewares/Third_Party/FreeRTOS/Source/include" -I"/home/alxhoff/git/GitHub/FC-Bayern-Hackdays/stm32f4/hackdays/Middlewares/Third_Party/FreeRTOS/Source/CMSIS_RTOS" -I"/home/alxhoff/git/GitHub/FC-Bayern-Hackdays/stm32f4/hackdays/Drivers/CMSIS/Include" -I"/home/alxhoff/git/GitHub/FC-Bayern-Hackdays/stm32f4/hackdays/Inc"  -Og -g3 -Wall -fmessage-length=0 -ffunction-sections -c -fmessage-length=0 -MMD -MP -MF"Src/system_stm32f4xx.d" -MT"Src/system_stm32f4xx.o" -o "Src/system_stm32f4xx.o" "../Src/system_stm32f4xx.c"
Finished building: ../Src/system_stm32f4xx.c
 
Building file: ../Middlewares/Third_Party/FreeRTOS/Source/portable/MemMang/heap_4.c
Invoking: MCU GCC Compiler
/home/alxhoff/git/GitHub/FC-Bayern-Hackdays/stm32f4/hackdays/Debug
arm-none-eabi-gcc -mcpu=cortex-m4 -mthumb -mfloat-abi=hard -mfpu=fpv4-sp-d16 '-D__weak=__attribute__((weak))' '-D__packed="__attribute__((__packed__))"' -DUSE_HAL_DRIVER -DSTM32F429xx -I"/home/alxhoff/git/GitHub/FC-Bayern-Hackdays/stm32f4/hackdays/Inc" -I"/home/alxhoff/git/GitHub/FC-Bayern-Hackdays/stm32f4/hackdays/Drivers/STM32F4xx_HAL_Driver/Inc" -I"/home/alxhoff/git/GitHub/FC-Bayern-Hackdays/stm32f4/hackdays/Drivers/STM32F4xx_HAL_Driver/Inc/Legacy" -I"/home/alxhoff/git/GitHub/FC-Bayern-Hackdays/stm32f4/hackdays/Middlewares/Third_Party/FreeRTOS/Source/portable/GCC/ARM_CM4F" -I"/home/alxhoff/git/GitHub/FC-Bayern-Hackdays/stm32f4/hackdays/Drivers/CMSIS/Device/ST/STM32F4xx/Include" -I"/home/alxhoff/git/GitHub/FC-Bayern-Hackdays/stm32f4/hackdays/Middlewares/Third_Party/FreeRTOS/Source/include" -I"/home/alxhoff/git/GitHub/FC-Bayern-Hackdays/stm32f4/hackdays/Middlewares/Third_Party/FreeRTOS/Source/CMSIS_RTOS" -I"/home/alxhoff/git/GitHub/FC-Bayern-Hackdays/stm32f4/hackdays/Drivers/CMSIS/Include" -I"/home/alxhoff/git/GitHub/FC-Bayern-Hackdays/stm32f4/hackdays/Inc"  -Og -g3 -Wall -fmessage-length=0 -ffunction-sections -c -fmessage-length=0 -MMD -MP -MF"Middlewares/Third_Party/FreeRTOS/Source/portable/MemMang/heap_4.d" -MT"Middlewares/Third_Party/FreeRTOS/Source/portable/MemMang/heap_4.o" -o "Middlewares/Third_Party/FreeRTOS/Source/portable/MemMang/heap_4.o" "../Middlewares/Third_Party/FreeRTOS/Source/portable/MemMang/heap_4.c"
Finished building: ../Middlewares/Third_Party/FreeRTOS/Source/portable/MemMang/heap_4.c
 
Building file: ../Middlewares/Third_Party/FreeRTOS/Source/portable/GCC/ARM_CM4F/port.c
Invoking: MCU GCC Compiler
/home/alxhoff/git/GitHub/FC-Bayern-Hackdays/stm32f4/hackdays/Debug
arm-none-eabi-gcc -mcpu=cortex-m4 -mthumb -mfloat-abi=hard -mfpu=fpv4-sp-d16 '-D__weak=__attribute__((weak))' '-D__packed="__attribute__((__packed__))"' -DUSE_HAL_DRIVER -DSTM32F429xx -I"/home/alxhoff/git/GitHub/FC-Bayern-Hackdays/stm32f4/hackdays/Inc" -I"/home/alxhoff/git/GitHub/FC-Bayern-Hackdays/stm32f4/hackdays/Drivers/STM32F4xx_HAL_Driver/Inc" -I"/home/alxhoff/git/GitHub/FC-Bayern-Hackdays/stm32f4/hackdays/Drivers/STM32F4xx_HAL_Driver/Inc/Legacy" -I"/home/alxhoff/git/GitHub/FC-Bayern-Hackdays/stm32f4/hackdays/Middlewares/Third_Party/FreeRTOS/Source/portable/GCC/ARM_CM4F" -I"/home/alxhoff/git/GitHub/FC-Bayern-Hackdays/stm32f4/hackdays/Drivers/CMSIS/Device/ST/STM32F4xx/Include" -I"/home/alxhoff/git/GitHub/FC-Bayern-Hackdays/stm32f4/hackdays/Middlewares/Third_Party/FreeRTOS/Source/include" -I"/home/alxhoff/git/GitHub/FC-Bayern-Hackdays/stm32f4/hackdays/Middlewares/Third_Party/FreeRTOS/Source/CMSIS_RTOS" -I"/home/alxhoff/git/GitHub/FC-Bayern-Hackdays/stm32f4/hackdays/Drivers/CMSIS/Include" -I"/home/alxhoff/git/GitHub/FC-Bayern-Hackdays/stm32f4/hackdays/Inc"  -Og -g3 -Wall -fmessage-length=0 -ffunction-sections -c -fmessage-length=0 -MMD -MP -MF"Middlewares/Third_Party/FreeRTOS/Source/portable/GCC/ARM_CM4F/port.d" -MT"Middlewares/Third_Party/FreeRTOS/Source/portable/GCC/ARM_CM4F/port.o" -o "Middlewares/Third_Party/FreeRTOS/Source/portable/GCC/ARM_CM4F/port.o" "../Middlewares/Third_Party/FreeRTOS/Source/portable/GCC/ARM_CM4F/port.c"
Finished building: ../Middlewares/Third_Party/FreeRTOS/Source/portable/GCC/ARM_CM4F/port.c
 
Building file: ../Middlewares/Third_Party/FreeRTOS/Source/CMSIS_RTOS/cmsis_os.c
Invoking: MCU GCC Compiler
/home/alxhoff/git/GitHub/FC-Bayern-Hackdays/stm32f4/hackdays/Debug
arm-none-eabi-gcc -mcpu=cortex-m4 -mthumb -mfloat-abi=hard -mfpu=fpv4-sp-d16 '-D__weak=__attribute__((weak))' '-D__packed="__attribute__((__packed__))"' -DUSE_HAL_DRIVER -DSTM32F429xx -I"/home/alxhoff/git/GitHub/FC-Bayern-Hackdays/stm32f4/hackdays/Inc" -I"/home/alxhoff/git/GitHub/FC-Bayern-Hackdays/stm32f4/hackdays/Drivers/STM32F4xx_HAL_Driver/Inc" -I"/home/alxhoff/git/GitHub/FC-Bayern-Hackdays/stm32f4/hackdays/Drivers/STM32F4xx_HAL_Driver/Inc/Legacy" -I"/home/alxhoff/git/GitHub/FC-Bayern-Hackdays/stm32f4/hackdays/Middlewares/Third_Party/FreeRTOS/Source/portable/GCC/ARM_CM4F" -I"/home/alxhoff/git/GitHub/FC-Bayern-Hackdays/stm32f4/hackdays/Drivers/CMSIS/Device/ST/STM32F4xx/Include" -I"/home/alxhoff/git/GitHub/FC-Bayern-Hackdays/stm32f4/hackdays/Middlewares/Third_Party/FreeRTOS/Source/include" -I"/home/alxhoff/git/GitHub/FC-Bayern-Hackdays/stm32f4/hackdays/Middlewares/Third_Party/FreeRTOS/Source/CMSIS_RTOS" -I"/home/alxhoff/git/GitHub/FC-Bayern-Hackdays/stm32f4/hackdays/Drivers/CMSIS/Include" -I"/home/alxhoff/git/GitHub/FC-Bayern-Hackdays/stm32f4/hackdays/Inc"  -Og -g3 -Wall -fmessage-length=0 -ffunction-sections -c -fmessage-length=0 -MMD -MP -MF"Middlewares/Third_Party/FreeRTOS/Source/CMSIS_RTOS/cmsis_os.d" -MT"Middlewares/Third_Party/FreeRTOS/Source/CMSIS_RTOS/cmsis_os.o" -o "Middlewares/Third_Party/FreeRTOS/Source/CMSIS_RTOS/cmsis_os.o" "../Middlewares/Third_Party/FreeRTOS/Source/CMSIS_RTOS/cmsis_os.c"
Finished building: ../Middlewares/Third_Party/FreeRTOS/Source/CMSIS_RTOS/cmsis_os.c
 
Building file: ../Middlewares/Third_Party/FreeRTOS/Source/croutine.c
Invoking: MCU GCC Compiler
/home/alxhoff/git/GitHub/FC-Bayern-Hackdays/stm32f4/hackdays/Debug
arm-none-eabi-gcc -mcpu=cortex-m4 -mthumb -mfloat-abi=hard -mfpu=fpv4-sp-d16 '-D__weak=__attribute__((weak))' '-D__packed="__attribute__((__packed__))"' -DUSE_HAL_DRIVER -DSTM32F429xx -I"/home/alxhoff/git/GitHub/FC-Bayern-Hackdays/stm32f4/hackdays/Inc" -I"/home/alxhoff/git/GitHub/FC-Bayern-Hackdays/stm32f4/hackdays/Drivers/STM32F4xx_HAL_Driver/Inc" -I"/home/alxhoff/git/GitHub/FC-Bayern-Hackdays/stm32f4/hackdays/Drivers/STM32F4xx_HAL_Driver/Inc/Legacy" -I"/home/alxhoff/git/GitHub/FC-Bayern-Hackdays/stm32f4/hackdays/Middlewares/Third_Party/FreeRTOS/Source/portable/GCC/ARM_CM4F" -I"/home/alxhoff/git/GitHub/FC-Bayern-Hackdays/stm32f4/hackdays/Drivers/CMSIS/Device/ST/STM32F4xx/Include" -I"/home/alxhoff/git/GitHub/FC-Bayern-Hackdays/stm32f4/hackdays/Middlewares/Third_Party/FreeRTOS/Source/include" -I"/home/alxhoff/git/GitHub/FC-Bayern-Hackdays/stm32f4/hackdays/Middlewares/Third_Party/FreeRTOS/Source/CMSIS_RTOS" -I"/home/alxhoff/git/GitHub/FC-Bayern-Hackdays/stm32f4/hackdays/Drivers/CMSIS/Include" -I"/home/alxhoff/git/GitHub/FC-Bayern-Hackdays/stm32f4/hackdays/Inc"  -Og -g3 -Wall -fmessage-length=0 -ffunction-sections -c -fmessage-length=0 -MMD -MP -MF"Middlewares/Third_Party/FreeRTOS/Source/croutine.d" -MT"Middlewares/Third_Party/FreeRTOS/Source/croutine.o" -o "Middlewares/Third_Party/FreeRTOS/Source/croutine.o" "../Middlewares/Third_Party/FreeRTOS/Source/croutine.c"
Finished building: ../Middlewares/Third_Party/FreeRTOS/Source/croutine.c
 
Building file: ../Middlewares/Third_Party/FreeRTOS/Source/event_groups.c
Invoking: MCU GCC Compiler
/home/alxhoff/git/GitHub/FC-Bayern-Hackdays/stm32f4/hackdays/Debug
arm-none-eabi-gcc -mcpu=cortex-m4 -mthumb -mfloat-abi=hard -mfpu=fpv4-sp-d16 '-D__weak=__attribute__((weak))' '-D__packed="__attribute__((__packed__))"' -DUSE_HAL_DRIVER -DSTM32F429xx -I"/home/alxhoff/git/GitHub/FC-Bayern-Hackdays/stm32f4/hackdays/Inc" -I"/home/alxhoff/git/GitHub/FC-Bayern-Hackdays/stm32f4/hackdays/Drivers/STM32F4xx_HAL_Driver/Inc" -I"/home/alxhoff/git/GitHub/FC-Bayern-Hackdays/stm32f4/hackdays/Drivers/STM32F4xx_HAL_Driver/Inc/Legacy" -I"/home/alxhoff/git/GitHub/FC-Bayern-Hackdays/stm32f4/hackdays/Middlewares/Third_Party/FreeRTOS/Source/portable/GCC/ARM_CM4F" -I"/home/alxhoff/git/GitHub/FC-Bayern-Hackdays/stm32f4/hackdays/Drivers/CMSIS/Device/ST/STM32F4xx/Include" -I"/home/alxhoff/git/GitHub/FC-Bayern-Hackdays/stm32f4/hackdays/Middlewares/Third_Party/FreeRTOS/Source/include" -I"/home/alxhoff/git/GitHub/FC-Bayern-Hackdays/stm32f4/hackdays/Middlewares/Third_Party/FreeRTOS/Source/CMSIS_RTOS" -I"/home/alxhoff/git/GitHub/FC-Bayern-Hackdays/stm32f4/hackdays/Drivers/CMSIS/Include" -I"/home/alxhoff/git/GitHub/FC-Bayern-Hackdays/stm32f4/hackdays/Inc"  -Og -g3 -Wall -fmessage-length=0 -ffunction-sections -c -fmessage-length=0 -MMD -MP -MF"Middlewares/Third_Party/FreeRTOS/Source/event_groups.d" -MT"Middlewares/Third_Party/FreeRTOS/Source/event_groups.o" -o "Middlewares/Third_Party/FreeRTOS/Source/event_groups.o" "../Middlewares/Third_Party/FreeRTOS/Source/event_groups.c"
Finished building: ../Middlewares/Third_Party/FreeRTOS/Source/event_groups.c
 
Building file: ../Middlewares/Third_Party/FreeRTOS/Source/list.c
Invoking: MCU GCC Compiler
/home/alxhoff/git/GitHub/FC-Bayern-Hackdays/stm32f4/hackdays/Debug
arm-none-eabi-gcc -mcpu=cortex-m4 -mthumb -mfloat-abi=hard -mfpu=fpv4-sp-d16 '-D__weak=__attribute__((weak))' '-D__packed="__attribute__((__packed__))"' -DUSE_HAL_DRIVER -DSTM32F429xx -I"/home/alxhoff/git/GitHub/FC-Bayern-Hackdays/stm32f4/hackdays/Inc" -I"/home/alxhoff/git/GitHub/FC-Bayern-Hackdays/stm32f4/hackdays/Drivers/STM32F4xx_HAL_Driver/Inc" -I"/home/alxhoff/git/GitHub/FC-Bayern-Hackdays/stm32f4/hackdays/Drivers/STM32F4xx_HAL_Driver/Inc/Legacy" -I"/home/alxhoff/git/GitHub/FC-Bayern-Hackdays/stm32f4/hackdays/Middlewares/Third_Party/FreeRTOS/Source/portable/GCC/ARM_CM4F" -I"/home/alxhoff/git/GitHub/FC-Bayern-Hackdays/stm32f4/hackdays/Drivers/CMSIS/Device/ST/STM32F4xx/Include" -I"/home/alxhoff/git/GitHub/FC-Bayern-Hackdays/stm32f4/hackdays/Middlewares/Third_Party/FreeRTOS/Source/include" -I"/home/alxhoff/git/GitHub/FC-Bayern-Hackdays/stm32f4/hackdays/Middlewares/Third_Party/FreeRTOS/Source/CMSIS_RTOS" -I"/home/alxhoff/git/GitHub/FC-Bayern-Hackdays/stm32f4/hackdays/Drivers/CMSIS/Include" -I"/home/alxhoff/git/GitHub/FC-Bayern-Hackdays/stm32f4/hackdays/Inc"  -Og -g3 -Wall -fmessage-length=0 -ffunction-sections -c -fmessage-length=0 -MMD -MP -MF"Middlewares/Third_Party/FreeRTOS/Source/list.d" -MT"Middlewares/Third_Party/FreeRTOS/Source/list.o" -o "Middlewares/Third_Party/FreeRTOS/Source/list.o" "../Middlewares/Third_Party/FreeRTOS/Source/list.c"
Finished building: ../Middlewares/Third_Party/FreeRTOS/Source/list.c
 
Building file: ../Middlewares/Third_Party/FreeRTOS/Source/queue.c
Invoking: MCU GCC Compiler
/home/alxhoff/git/GitHub/FC-Bayern-Hackdays/stm32f4/hackdays/Debug
arm-none-eabi-gcc -mcpu=cortex-m4 -mthumb -mfloat-abi=hard -mfpu=fpv4-sp-d16 '-D__weak=__attribute__((weak))' '-D__packed="__attribute__((__packed__))"' -DUSE_HAL_DRIVER -DSTM32F429xx -I"/home/alxhoff/git/GitHub/FC-Bayern-Hackdays/stm32f4/hackdays/Inc" -I"/home/alxhoff/git/GitHub/FC-Bayern-Hackdays/stm32f4/hackdays/Drivers/STM32F4xx_HAL_Driver/Inc" -I"/home/alxhoff/git/GitHub/FC-Bayern-Hackdays/stm32f4/hackdays/Drivers/STM32F4xx_HAL_Driver/Inc/Legacy" -I"/home/alxhoff/git/GitHub/FC-Bayern-Hackdays/stm32f4/hackdays/Middlewares/Third_Party/FreeRTOS/Source/portable/GCC/ARM_CM4F" -I"/home/alxhoff/git/GitHub/FC-Bayern-Hackdays/stm32f4/hackdays/Drivers/CMSIS/Device/ST/STM32F4xx/Include" -I"/home/alxhoff/git/GitHub/FC-Bayern-Hackdays/stm32f4/hackdays/Middlewares/Third_Party/FreeRTOS/Source/include" -I"/home/alxhoff/git/GitHub/FC-Bayern-Hackdays/stm32f4/hackdays/Middlewares/Third_Party/FreeRTOS/Source/CMSIS_RTOS" -I"/home/alxhoff/git/GitHub/FC-Bayern-Hackdays/stm32f4/hackdays/Drivers/CMSIS/Include" -I"/home/alxhoff/git/GitHub/FC-Bayern-Hackdays/stm32f4/hackdays/Inc"  -Og -g3 -Wall -fmessage-length=0 -ffunction-sections -c -fmessage-length=0 -MMD -MP -MF"Middlewares/Third_Party/FreeRTOS/Source/queue.d" -MT"Middlewares/Third_Party/FreeRTOS/Source/queue.o" -o "Middlewares/Third_Party/FreeRTOS/Source/queue.o" "../Middlewares/Third_Party/FreeRTOS/Source/queue.c"
Finished building: ../Middlewares/Third_Party/FreeRTOS/Source/queue.c
 
Building file: ../Middlewares/Third_Party/FreeRTOS/Source/tasks.c
Invoking: MCU GCC Compiler
/home/alxhoff/git/GitHub/FC-Bayern-Hackdays/stm32f4/hackdays/Debug
arm-none-eabi-gcc -mcpu=cortex-m4 -mthumb -mfloat-abi=hard -mfpu=fpv4-sp-d16 '-D__weak=__attribute__((weak))' '-D__packed="__attribute__((__packed__))"' -DUSE_HAL_DRIVER -DSTM32F429xx -I"/home/alxhoff/git/GitHub/FC-Bayern-Hackdays/stm32f4/hackdays/Inc" -I"/home/alxhoff/git/GitHub/FC-Bayern-Hackdays/stm32f4/hackdays/Drivers/STM32F4xx_HAL_Driver/Inc" -I"/home/alxhoff/git/GitHub/FC-Bayern-Hackdays/stm32f4/hackdays/Drivers/STM32F4xx_HAL_Driver/Inc/Legacy" -I"/home/alxhoff/git/GitHub/FC-Bayern-Hackdays/stm32f4/hackdays/Middlewares/Third_Party/FreeRTOS/Source/portable/GCC/ARM_CM4F" -I"/home/alxhoff/git/GitHub/FC-Bayern-Hackdays/stm32f4/hackdays/Drivers/CMSIS/Device/ST/STM32F4xx/Include" -I"/home/alxhoff/git/GitHub/FC-Bayern-Hackdays/stm32f4/hackdays/Middlewares/Third_Party/FreeRTOS/Source/include" -I"/home/alxhoff/git/GitHub/FC-Bayern-Hackdays/stm32f4/hackdays/Middlewares/Third_Party/FreeRTOS/Source/CMSIS_RTOS" -I"/home/alxhoff/git/GitHub/FC-Bayern-Hackdays/stm32f4/hackdays/Drivers/CMSIS/Include" -I"/home/alxhoff/git/GitHub/FC-Bayern-Hackdays/stm32f4/hackdays/Inc"  -Og -g3 -Wall -fmessage-length=0 -ffunction-sections -c -fmessage-length=0 -MMD -MP -MF"Middlewares/Third_Party/FreeRTOS/Source/tasks.d" -MT"Middlewares/Third_Party/FreeRTOS/Source/tasks.o" -o "Middlewares/Third_Party/FreeRTOS/Source/tasks.o" "../Middlewares/Third_Party/FreeRTOS/Source/tasks.c"
Finished building: ../Middlewares/Third_Party/FreeRTOS/Source/tasks.c
 
Building file: ../Middlewares/Third_Party/FreeRTOS/Source/timers.c
Invoking: MCU GCC Compiler
/home/alxhoff/git/GitHub/FC-Bayern-Hackdays/stm32f4/hackdays/Debug
arm-none-eabi-gcc -mcpu=cortex-m4 -mthumb -mfloat-abi=hard -mfpu=fpv4-sp-d16 '-D__weak=__attribute__((weak))' '-D__packed="__attribute__((__packed__))"' -DUSE_HAL_DRIVER -DSTM32F429xx -I"/home/alxhoff/git/GitHub/FC-Bayern-Hackdays/stm32f4/hackdays/Inc" -I"/home/alxhoff/git/GitHub/FC-Bayern-Hackdays/stm32f4/hackdays/Drivers/STM32F4xx_HAL_Driver/Inc" -I"/home/alxhoff/git/GitHub/FC-Bayern-Hackdays/stm32f4/hackdays/Drivers/STM32F4xx_HAL_Driver/Inc/Legacy" -I"/home/alxhoff/git/GitHub/FC-Bayern-Hackdays/stm32f4/hackdays/Middlewares/Third_Party/FreeRTOS/Source/portable/GCC/ARM_CM4F" -I"/home/alxhoff/git/GitHub/FC-Bayern-Hackdays/stm32f4/hackdays/Drivers/CMSIS/Device/ST/STM32F4xx/Include" -I"/home/alxhoff/git/GitHub/FC-Bayern-Hackdays/stm32f4/hackdays/Middlewares/Third_Party/FreeRTOS/Source/include" -I"/home/alxhoff/git/GitHub/FC-Bayern-Hackdays/stm32f4/hackdays/Middlewares/Third_Party/FreeRTOS/Source/CMSIS_RTOS" -I"/home/alxhoff/git/GitHub/FC-Bayern-Hackdays/stm32f4/hackdays/Drivers/CMSIS/Include" -I"/home/alxhoff/git/GitHub/FC-Bayern-Hackdays/stm32f4/hackdays/Inc"  -Og -g3 -Wall -fmessage-length=0 -ffunction-sections -c -fmessage-length=0 -MMD -MP -MF"Middlewares/Third_Party/FreeRTOS/Source/timers.d" -MT"Middlewares/Third_Party/FreeRTOS/Source/timers.o" -o "Middlewares/Third_Party/FreeRTOS/Source/timers.o" "../Middlewares/Third_Party/FreeRTOS/Source/timers.c"
Finished building: ../Middlewares/Third_Party/FreeRTOS/Source/timers.c
 
Building file: ../Drivers/STM32F4xx_HAL_Driver/Src/stm32f4xx_hal.c
Invoking: MCU GCC Compiler
/home/alxhoff/git/GitHub/FC-Bayern-Hackdays/stm32f4/hackdays/Debug
arm-none-eabi-gcc -mcpu=cortex-m4 -mthumb -mfloat-abi=hard -mfpu=fpv4-sp-d16 '-D__weak=__attribute__((weak))' '-D__packed="__attribute__((__packed__))"' -DUSE_HAL_DRIVER -DSTM32F429xx -I"/home/alxhoff/git/GitHub/FC-Bayern-Hackdays/stm32f4/hackdays/Inc" -I"/home/alxhoff/git/GitHub/FC-Bayern-Hackdays/stm32f4/hackdays/Drivers/STM32F4xx_HAL_Driver/Inc" -I"/home/alxhoff/git/GitHub/FC-Bayern-Hackdays/stm32f4/hackdays/Drivers/STM32F4xx_HAL_Driver/Inc/Legacy" -I"/home/alxhoff/git/GitHub/FC-Bayern-Hackdays/stm32f4/hackdays/Middlewares/Third_Party/FreeRTOS/Source/portable/GCC/ARM_CM4F" -I"/home/alxhoff/git/GitHub/FC-Bayern-Hackdays/stm32f4/hackdays/Drivers/CMSIS/Device/ST/STM32F4xx/Include" -I"/home/alxhoff/git/GitHub/FC-Bayern-Hackdays/stm32f4/hackdays/Middlewares/Third_Party/FreeRTOS/Source/include" -I"/home/alxhoff/git/GitHub/FC-Bayern-Hackdays/stm32f4/hackdays/Middlewares/Third_Party/FreeRTOS/Source/CMSIS_RTOS" -I"/home/alxhoff/git/GitHub/FC-Bayern-Hackdays/stm32f4/hackdays/Drivers/CMSIS/Include" -I"/home/alxhoff/git/GitHub/FC-Bayern-Hackdays/stm32f4/hackdays/Inc"  -Og -g3 -Wall -fmessage-length=0 -ffunction-sections -c -fmessage-length=0 -MMD -MP -MF"Drivers/STM32F4xx_HAL_Driver/Src/stm32f4xx_hal.d" -MT"Drivers/STM32F4xx_HAL_Driver/Src/stm32f4xx_hal.o" -o "Drivers/STM32F4xx_HAL_Driver/Src/stm32f4xx_hal.o" "../Drivers/STM32F4xx_HAL_Driver/Src/stm32f4xx_hal.c"
Finished building: ../Drivers/STM32F4xx_HAL_Driver/Src/stm32f4xx_hal.c
 
Building file: ../Drivers/STM32F4xx_HAL_Driver/Src/stm32f4xx_hal_cortex.c
Invoking: MCU GCC Compiler
/home/alxhoff/git/GitHub/FC-Bayern-Hackdays/stm32f4/hackdays/Debug
arm-none-eabi-gcc -mcpu=cortex-m4 -mthumb -mfloat-abi=hard -mfpu=fpv4-sp-d16 '-D__weak=__attribute__((weak))' '-D__packed="__attribute__((__packed__))"' -DUSE_HAL_DRIVER -DSTM32F429xx -I"/home/alxhoff/git/GitHub/FC-Bayern-Hackdays/stm32f4/hackdays/Inc" -I"/home/alxhoff/git/GitHub/FC-Bayern-Hackdays/stm32f4/hackdays/Drivers/STM32F4xx_HAL_Driver/Inc" -I"/home/alxhoff/git/GitHub/FC-Bayern-Hackdays/stm32f4/hackdays/Drivers/STM32F4xx_HAL_Driver/Inc/Legacy" -I"/home/alxhoff/git/GitHub/FC-Bayern-Hackdays/stm32f4/hackdays/Middlewares/Third_Party/FreeRTOS/Source/portable/GCC/ARM_CM4F" -I"/home/alxhoff/git/GitHub/FC-Bayern-Hackdays/stm32f4/hackdays/Drivers/CMSIS/Device/ST/STM32F4xx/Include" -I"/home/alxhoff/git/GitHub/FC-Bayern-Hackdays/stm32f4/hackdays/Middlewares/Third_Party/FreeRTOS/Source/include" -I"/home/alxhoff/git/GitHub/FC-Bayern-Hackdays/stm32f4/hackdays/Middlewares/Third_Party/FreeRTOS/Source/CMSIS_RTOS" -I"/home/alxhoff/git/GitHub/FC-Bayern-Hackdays/stm32f4/hackdays/Drivers/CMSIS/Include" -I"/home/alxhoff/git/GitHub/FC-Bayern-Hackdays/stm32f4/hackdays/Inc"  -Og -g3 -Wall -fmessage-length=0 -ffunction-sections -c -fmessage-length=0 -MMD -MP -MF"Drivers/STM32F4xx_HAL_Driver/Src/stm32f4xx_hal_cortex.d" -MT"Drivers/STM32F4xx_HAL_Driver/Src/stm32f4xx_hal_cortex.o" -o "Drivers/STM32F4xx_HAL_Driver/Src/stm32f4xx_hal_cortex.o" "../Drivers/STM32F4xx_HAL_Driver/Src/stm32f4xx_hal_cortex.c"
Finished building: ../Drivers/STM32F4xx_HAL_Driver/Src/stm32f4xx_hal_cortex.c
 
Building file: ../Drivers/STM32F4xx_HAL_Driver/Src/stm32f4xx_hal_dma.c
Invoking: MCU GCC Compiler
/home/alxhoff/git/GitHub/FC-Bayern-Hackdays/stm32f4/hackdays/Debug
arm-none-eabi-gcc -mcpu=cortex-m4 -mthumb -mfloat-abi=hard -mfpu=fpv4-sp-d16 '-D__weak=__attribute__((weak))' '-D__packed="__attribute__((__packed__))"' -DUSE_HAL_DRIVER -DSTM32F429xx -I"/home/alxhoff/git/GitHub/FC-Bayern-Hackdays/stm32f4/hackdays/Inc" -I"/home/alxhoff/git/GitHub/FC-Bayern-Hackdays/stm32f4/hackdays/Drivers/STM32F4xx_HAL_Driver/Inc" -I"/home/alxhoff/git/GitHub/FC-Bayern-Hackdays/stm32f4/hackdays/Drivers/STM32F4xx_HAL_Driver/Inc/Legacy" -I"/home/alxhoff/git/GitHub/FC-Bayern-Hackdays/stm32f4/hackdays/Middlewares/Third_Party/FreeRTOS/Source/portable/GCC/ARM_CM4F" -I"/home/alxhoff/git/GitHub/FC-Bayern-Hackdays/stm32f4/hackdays/Drivers/CMSIS/Device/ST/STM32F4xx/Include" -I"/home/alxhoff/git/GitHub/FC-Bayern-Hackdays/stm32f4/hackdays/Middlewares/Third_Party/FreeRTOS/Source/include" -I"/home/alxhoff/git/GitHub/FC-Bayern-Hackdays/stm32f4/hackdays/Middlewares/Third_Party/FreeRTOS/Source/CMSIS_RTOS" -I"/home/alxhoff/git/GitHub/FC-Bayern-Hackdays/stm32f4/hackdays/Drivers/CMSIS/Include" -I"/home/alxhoff/git/GitHub/FC-Bayern-Hackdays/stm32f4/hackdays/Inc"  -Og -g3 -Wall -fmessage-length=0 -ffunction-sections -c -fmessage-length=0 -MMD -MP -MF"Drivers/STM32F4xx_HAL_Driver/Src/stm32f4xx_hal_dma.d" -MT"Drivers/STM32F4xx_HAL_Driver/Src/stm32f4xx_hal_dma.o" -o "Drivers/STM32F4xx_HAL_Driver/Src/stm32f4xx_hal_dma.o" "../Drivers/STM32F4xx_HAL_Driver/Src/stm32f4xx_hal_dma.c"
Finished building: ../Drivers/STM32F4xx_HAL_Driver/Src/stm32f4xx_hal_dma.c
 
Building file: ../Drivers/STM32F4xx_HAL_Driver/Src/stm32f4xx_hal_dma_ex.c
Invoking: MCU GCC Compiler
/home/alxhoff/git/GitHub/FC-Bayern-Hackdays/stm32f4/hackdays/Debug
arm-none-eabi-gcc -mcpu=cortex-m4 -mthumb -mfloat-abi=hard -mfpu=fpv4-sp-d16 '-D__weak=__attribute__((weak))' '-D__packed="__attribute__((__packed__))"' -DUSE_HAL_DRIVER -DSTM32F429xx -I"/home/alxhoff/git/GitHub/FC-Bayern-Hackdays/stm32f4/hackdays/Inc" -I"/home/alxhoff/git/GitHub/FC-Bayern-Hackdays/stm32f4/hackdays/Drivers/STM32F4xx_HAL_Driver/Inc" -I"/home/alxhoff/git/GitHub/FC-Bayern-Hackdays/stm32f4/hackdays/Drivers/STM32F4xx_HAL_Driver/Inc/Legacy" -I"/home/alxhoff/git/GitHub/FC-Bayern-Hackdays/stm32f4/hackdays/Middlewares/Third_Party/FreeRTOS/Source/portable/GCC/ARM_CM4F" -I"/home/alxhoff/git/GitHub/FC-Bayern-Hackdays/stm32f4/hackdays/Drivers/CMSIS/Device/ST/STM32F4xx/Include" -I"/home/alxhoff/git/GitHub/FC-Bayern-Hackdays/stm32f4/hackdays/Middlewares/Third_Party/FreeRTOS/Source/include" -I"/home/alxhoff/git/GitHub/FC-Bayern-Hackdays/stm32f4/hackdays/Middlewares/Third_Party/FreeRTOS/Source/CMSIS_RTOS" -I"/home/alxhoff/git/GitHub/FC-Bayern-Hackdays/stm32f4/hackdays/Drivers/CMSIS/Include" -I"/home/alxhoff/git/GitHub/FC-Bayern-Hackdays/stm32f4/hackdays/Inc"  -Og -g3 -Wall -fmessage-length=0 -ffunction-sections -c -fmessage-length=0 -MMD -MP -MF"Drivers/STM32F4xx_HAL_Driver/Src/stm32f4xx_hal_dma_ex.d" -MT"Drivers/STM32F4xx_HAL_Driver/Src/stm32f4xx_hal_dma_ex.o" -o "Drivers/STM32F4xx_HAL_Driver/Src/stm32f4xx_hal_dma_ex.o" "../Drivers/STM32F4xx_HAL_Driver/Src/stm32f4xx_hal_dma_ex.c"
Finished building: ../Drivers/STM32F4xx_HAL_Driver/Src/stm32f4xx_hal_dma_ex.c
 
Building file: ../Drivers/STM32F4xx_HAL_Driver/Src/stm32f4xx_hal_flash.c
Invoking: MCU GCC Compiler
/home/alxhoff/git/GitHub/FC-Bayern-Hackdays/stm32f4/hackdays/Debug
arm-none-eabi-gcc -mcpu=cortex-m4 -mthumb -mfloat-abi=hard -mfpu=fpv4-sp-d16 '-D__weak=__attribute__((weak))' '-D__packed="__attribute__((__packed__))"' -DUSE_HAL_DRIVER -DSTM32F429xx -I"/home/alxhoff/git/GitHub/FC-Bayern-Hackdays/stm32f4/hackdays/Inc" -I"/home/alxhoff/git/GitHub/FC-Bayern-Hackdays/stm32f4/hackdays/Drivers/STM32F4xx_HAL_Driver/Inc" -I"/home/alxhoff/git/GitHub/FC-Bayern-Hackdays/stm32f4/hackdays/Drivers/STM32F4xx_HAL_Driver/Inc/Legacy" -I"/home/alxhoff/git/GitHub/FC-Bayern-Hackdays/stm32f4/hackdays/Middlewares/Third_Party/FreeRTOS/Source/portable/GCC/ARM_CM4F" -I"/home/alxhoff/git/GitHub/FC-Bayern-Hackdays/stm32f4/hackdays/Drivers/CMSIS/Device/ST/STM32F4xx/Include" -I"/home/alxhoff/git/GitHub/FC-Bayern-Hackdays/stm32f4/hackdays/Middlewares/Third_Party/FreeRTOS/Source/include" -I"/home/alxhoff/git/GitHub/FC-Bayern-Hackdays/stm32f4/hackdays/Middlewares/Third_Party/FreeRTOS/Source/CMSIS_RTOS" -I"/home/alxhoff/git/GitHub/FC-Bayern-Hackdays/stm32f4/hackdays/Drivers/CMSIS/Include" -I"/home/alxhoff/git/GitHub/FC-Bayern-Hackdays/stm32f4/hackdays/Inc"  -Og -g3 -Wall -fmessage-length=0 -ffunction-sections -c -fmessage-length=0 -MMD -MP -MF"Drivers/STM32F4xx_HAL_Driver/Src/stm32f4xx_hal_flash.d" -MT"Drivers/STM32F4xx_HAL_Driver/Src/stm32f4xx_hal_flash.o" -o "Drivers/STM32F4xx_HAL_Driver/Src/stm32f4xx_hal_flash.o" "../Drivers/STM32F4xx_HAL_Driver/Src/stm32f4xx_hal_flash.c"
Finished building: ../Drivers/STM32F4xx_HAL_Driver/Src/stm32f4xx_hal_flash.c
 
Building file: ../Drivers/STM32F4xx_HAL_Driver/Src/stm32f4xx_hal_flash_ex.c
Invoking: MCU GCC Compiler
/home/alxhoff/git/GitHub/FC-Bayern-Hackdays/stm32f4/hackdays/Debug
arm-none-eabi-gcc -mcpu=cortex-m4 -mthumb -mfloat-abi=hard -mfpu=fpv4-sp-d16 '-D__weak=__attribute__((weak))' '-D__packed="__attribute__((__packed__))"' -DUSE_HAL_DRIVER -DSTM32F429xx -I"/home/alxhoff/git/GitHub/FC-Bayern-Hackdays/stm32f4/hackdays/Inc" -I"/home/alxhoff/git/GitHub/FC-Bayern-Hackdays/stm32f4/hackdays/Drivers/STM32F4xx_HAL_Driver/Inc" -I"/home/alxhoff/git/GitHub/FC-Bayern-Hackdays/stm32f4/hackdays/Drivers/STM32F4xx_HAL_Driver/Inc/Legacy" -I"/home/alxhoff/git/GitHub/FC-Bayern-Hackdays/stm32f4/hackdays/Middlewares/Third_Party/FreeRTOS/Source/portable/GCC/ARM_CM4F" -I"/home/alxhoff/git/GitHub/FC-Bayern-Hackdays/stm32f4/hackdays/Drivers/CMSIS/Device/ST/STM32F4xx/Include" -I"/home/alxhoff/git/GitHub/FC-Bayern-Hackdays/stm32f4/hackdays/Middlewares/Third_Party/FreeRTOS/Source/include" -I"/home/alxhoff/git/GitHub/FC-Bayern-Hackdays/stm32f4/hackdays/Middlewares/Third_Party/FreeRTOS/Source/CMSIS_RTOS" -I"/home/alxhoff/git/GitHub/FC-Bayern-Hackdays/stm32f4/hackdays/Drivers/CMSIS/Include" -I"/home/alxhoff/git/GitHub/FC-Bayern-Hackdays/stm32f4/hackdays/Inc"  -Og -g3 -Wall -fmessage-length=0 -ffunction-sections -c -fmessage-length=0 -MMD -MP -MF"Drivers/STM32F4xx_HAL_Driver/Src/stm32f4xx_hal_flash_ex.d" -MT"Drivers/STM32F4xx_HAL_Driver/Src/stm32f4xx_hal_flash_ex.o" -o "Drivers/STM32F4xx_HAL_Driver/Src/stm32f4xx_hal_flash_ex.o" "../Drivers/STM32F4xx_HAL_Driver/Src/stm32f4xx_hal_flash_ex.c"
Finished building: ../Drivers/STM32F4xx_HAL_Driver/Src/stm32f4xx_hal_flash_ex.c
 
Building file: ../Drivers/STM32F4xx_HAL_Driver/Src/stm32f4xx_hal_flash_ramfunc.c
Invoking: MCU GCC Compiler
/home/alxhoff/git/GitHub/FC-Bayern-Hackdays/stm32f4/hackdays/Debug
arm-none-eabi-gcc -mcpu=cortex-m4 -mthumb -mfloat-abi=hard -mfpu=fpv4-sp-d16 '-D__weak=__attribute__((weak))' '-D__packed="__attribute__((__packed__))"' -DUSE_HAL_DRIVER -DSTM32F429xx -I"/home/alxhoff/git/GitHub/FC-Bayern-Hackdays/stm32f4/hackdays/Inc" -I"/home/alxhoff/git/GitHub/FC-Bayern-Hackdays/stm32f4/hackdays/Drivers/STM32F4xx_HAL_Driver/Inc" -I"/home/alxhoff/git/GitHub/FC-Bayern-Hackdays/stm32f4/hackdays/Drivers/STM32F4xx_HAL_Driver/Inc/Legacy" -I"/home/alxhoff/git/GitHub/FC-Bayern-Hackdays/stm32f4/hackdays/Middlewares/Third_Party/FreeRTOS/Source/portable/GCC/ARM_CM4F" -I"/home/alxhoff/git/GitHub/FC-Bayern-Hackdays/stm32f4/hackdays/Drivers/CMSIS/Device/ST/STM32F4xx/Include" -I"/home/alxhoff/git/GitHub/FC-Bayern-Hackdays/stm32f4/hackdays/Middlewares/Third_Party/FreeRTOS/Source/include" -I"/home/alxhoff/git/GitHub/FC-Bayern-Hackdays/stm32f4/hackdays/Middlewares/Third_Party/FreeRTOS/Source/CMSIS_RTOS" -I"/home/alxhoff/git/GitHub/FC-Bayern-Hackdays/stm32f4/hackdays/Drivers/CMSIS/Include" -I"/home/alxhoff/git/GitHub/FC-Bayern-Hackdays/stm32f4/hackdays/Inc"  -Og -g3 -Wall -fmessage-length=0 -ffunction-sections -c -fmessage-length=0 -MMD -MP -MF"Drivers/STM32F4xx_HAL_Driver/Src/stm32f4xx_hal_flash_ramfunc.d" -MT"Drivers/STM32F4xx_HAL_Driver/Src/stm32f4xx_hal_flash_ramfunc.o" -o "Drivers/STM32F4xx_HAL_Driver/Src/stm32f4xx_hal_flash_ramfunc.o" "../Drivers/STM32F4xx_HAL_Driver/Src/stm32f4xx_hal_flash_ramfunc.c"
Finished building: ../Drivers/STM32F4xx_HAL_Driver/Src/stm32f4xx_hal_flash_ramfunc.c
 
Building file: ../Drivers/STM32F4xx_HAL_Driver/Src/stm32f4xx_hal_gpio.c
Invoking: MCU GCC Compiler
/home/alxhoff/git/GitHub/FC-Bayern-Hackdays/stm32f4/hackdays/Debug
arm-none-eabi-gcc -mcpu=cortex-m4 -mthumb -mfloat-abi=hard -mfpu=fpv4-sp-d16 '-D__weak=__attribute__((weak))' '-D__packed="__attribute__((__packed__))"' -DUSE_HAL_DRIVER -DSTM32F429xx -I"/home/alxhoff/git/GitHub/FC-Bayern-Hackdays/stm32f4/hackdays/Inc" -I"/home/alxhoff/git/GitHub/FC-Bayern-Hackdays/stm32f4/hackdays/Drivers/STM32F4xx_HAL_Driver/Inc" -I"/home/alxhoff/git/GitHub/FC-Bayern-Hackdays/stm32f4/hackdays/Drivers/STM32F4xx_HAL_Driver/Inc/Legacy" -I"/home/alxhoff/git/GitHub/FC-Bayern-Hackdays/stm32f4/hackdays/Middlewares/Third_Party/FreeRTOS/Source/portable/GCC/ARM_CM4F" -I"/home/alxhoff/git/GitHub/FC-Bayern-Hackdays/stm32f4/hackdays/Drivers/CMSIS/Device/ST/STM32F4xx/Include" -I"/home/alxhoff/git/GitHub/FC-Bayern-Hackdays/stm32f4/hackdays/Middlewares/Third_Party/FreeRTOS/Source/include" -I"/home/alxhoff/git/GitHub/FC-Bayern-Hackdays/stm32f4/hackdays/Middlewares/Third_Party/FreeRTOS/Source/CMSIS_RTOS" -I"/home/alxhoff/git/GitHub/FC-Bayern-Hackdays/stm32f4/hackdays/Drivers/CMSIS/Include" -I"/home/alxhoff/git/GitHub/FC-Bayern-Hackdays/stm32f4/hackdays/Inc"  -Og -g3 -Wall -fmessage-length=0 -ffunction-sections -c -fmessage-length=0 -MMD -MP -MF"Drivers/STM32F4xx_HAL_Driver/Src/stm32f4xx_hal_gpio.d" -MT"Drivers/STM32F4xx_HAL_Driver/Src/stm32f4xx_hal_gpio.o" -o "Drivers/STM32F4xx_HAL_Driver/Src/stm32f4xx_hal_gpio.o" "../Drivers/STM32F4xx_HAL_Driver/Src/stm32f4xx_hal_gpio.c"
Finished building: ../Drivers/STM32F4xx_HAL_Driver/Src/stm32f4xx_hal_gpio.c
 
Building file: ../Drivers/STM32F4xx_HAL_Driver/Src/stm32f4xx_hal_pwr.c
Invoking: MCU GCC Compiler
/home/alxhoff/git/GitHub/FC-Bayern-Hackdays/stm32f4/hackdays/Debug
arm-none-eabi-gcc -mcpu=cortex-m4 -mthumb -mfloat-abi=hard -mfpu=fpv4-sp-d16 '-D__weak=__attribute__((weak))' '-D__packed="__attribute__((__packed__))"' -DUSE_HAL_DRIVER -DSTM32F429xx -I"/home/alxhoff/git/GitHub/FC-Bayern-Hackdays/stm32f4/hackdays/Inc" -I"/home/alxhoff/git/GitHub/FC-Bayern-Hackdays/stm32f4/hackdays/Drivers/STM32F4xx_HAL_Driver/Inc" -I"/home/alxhoff/git/GitHub/FC-Bayern-Hackdays/stm32f4/hackdays/Drivers/STM32F4xx_HAL_Driver/Inc/Legacy" -I"/home/alxhoff/git/GitHub/FC-Bayern-Hackdays/stm32f4/hackdays/Middlewares/Third_Party/FreeRTOS/Source/portable/GCC/ARM_CM4F" -I"/home/alxhoff/git/GitHub/FC-Bayern-Hackdays/stm32f4/hackdays/Drivers/CMSIS/Device/ST/STM32F4xx/Include" -I"/home/alxhoff/git/GitHub/FC-Bayern-Hackdays/stm32f4/hackdays/Middlewares/Third_Party/FreeRTOS/Source/include" -I"/home/alxhoff/git/GitHub/FC-Bayern-Hackdays/stm32f4/hackdays/Middlewares/Third_Party/FreeRTOS/Source/CMSIS_RTOS" -I"/home/alxhoff/git/GitHub/FC-Bayern-Hackdays/stm32f4/hackdays/Drivers/CMSIS/Include" -I"/home/alxhoff/git/GitHub/FC-Bayern-Hackdays/stm32f4/hackdays/Inc"  -Og -g3 -Wall -fmessage-length=0 -ffunction-sections -c -fmessage-length=0 -MMD -MP -MF"Drivers/STM32F4xx_HAL_Driver/Src/stm32f4xx_hal_pwr.d" -MT"Drivers/STM32F4xx_HAL_Driver/Src/stm32f4xx_hal_pwr.o" -o "Drivers/STM32F4xx_HAL_Driver/Src/stm32f4xx_hal_pwr.o" "../Drivers/STM32F4xx_HAL_Driver/Src/stm32f4xx_hal_pwr.c"
Finished building: ../Drivers/STM32F4xx_HAL_Driver/Src/stm32f4xx_hal_pwr.c
 
Building file: ../Drivers/STM32F4xx_HAL_Driver/Src/stm32f4xx_hal_pwr_ex.c
Invoking: MCU GCC Compiler
/home/alxhoff/git/GitHub/FC-Bayern-Hackdays/stm32f4/hackdays/Debug
arm-none-eabi-gcc -mcpu=cortex-m4 -mthumb -mfloat-abi=hard -mfpu=fpv4-sp-d16 '-D__weak=__attribute__((weak))' '-D__packed="__attribute__((__packed__))"' -DUSE_HAL_DRIVER -DSTM32F429xx -I"/home/alxhoff/git/GitHub/FC-Bayern-Hackdays/stm32f4/hackdays/Inc" -I"/home/alxhoff/git/GitHub/FC-Bayern-Hackdays/stm32f4/hackdays/Drivers/STM32F4xx_HAL_Driver/Inc" -I"/home/alxhoff/git/GitHub/FC-Bayern-Hackdays/stm32f4/hackdays/Drivers/STM32F4xx_HAL_Driver/Inc/Legacy" -I"/home/alxhoff/git/GitHub/FC-Bayern-Hackdays/stm32f4/hackdays/Middlewares/Third_Party/FreeRTOS/Source/portable/GCC/ARM_CM4F" -I"/home/alxhoff/git/GitHub/FC-Bayern-Hackdays/stm32f4/hackdays/Drivers/CMSIS/Device/ST/STM32F4xx/Include" -I"/home/alxhoff/git/GitHub/FC-Bayern-Hackdays/stm32f4/hackdays/Middlewares/Third_Party/FreeRTOS/Source/include" -I"/home/alxhoff/git/GitHub/FC-Bayern-Hackdays/stm32f4/hackdays/Middlewares/Third_Party/FreeRTOS/Source/CMSIS_RTOS" -I"/home/alxhoff/git/GitHub/FC-Bayern-Hackdays/stm32f4/hackdays/Drivers/CMSIS/Include" -I"/home/alxhoff/git/GitHub/FC-Bayern-Hackdays/stm32f4/hackdays/Inc"  -Og -g3 -Wall -fmessage-length=0 -ffunction-sections -c -fmessage-length=0 -MMD -MP -MF"Drivers/STM32F4xx_HAL_Driver/Src/stm32f4xx_hal_pwr_ex.d" -MT"Drivers/STM32F4xx_HAL_Driver/Src/stm32f4xx_hal_pwr_ex.o" -o "Drivers/STM32F4xx_HAL_Driver/Src/stm32f4xx_hal_pwr_ex.o" "../Drivers/STM32F4xx_HAL_Driver/Src/stm32f4xx_hal_pwr_ex.c"
Finished building: ../Drivers/STM32F4xx_HAL_Driver/Src/stm32f4xx_hal_pwr_ex.c
 
Building file: ../Drivers/STM32F4xx_HAL_Driver/Src/stm32f4xx_hal_rcc.c
Invoking: MCU GCC Compiler
/home/alxhoff/git/GitHub/FC-Bayern-Hackdays/stm32f4/hackdays/Debug
arm-none-eabi-gcc -mcpu=cortex-m4 -mthumb -mfloat-abi=hard -mfpu=fpv4-sp-d16 '-D__weak=__attribute__((weak))' '-D__packed="__attribute__((__packed__))"' -DUSE_HAL_DRIVER -DSTM32F429xx -I"/home/alxhoff/git/GitHub/FC-Bayern-Hackdays/stm32f4/hackdays/Inc" -I"/home/alxhoff/git/GitHub/FC-Bayern-Hackdays/stm32f4/hackdays/Drivers/STM32F4xx_HAL_Driver/Inc" -I"/home/alxhoff/git/GitHub/FC-Bayern-Hackdays/stm32f4/hackdays/Drivers/STM32F4xx_HAL_Driver/Inc/Legacy" -I"/home/alxhoff/git/GitHub/FC-Bayern-Hackdays/stm32f4/hackdays/Middlewares/Third_Party/FreeRTOS/Source/portable/GCC/ARM_CM4F" -I"/home/alxhoff/git/GitHub/FC-Bayern-Hackdays/stm32f4/hackdays/Drivers/CMSIS/Device/ST/STM32F4xx/Include" -I"/home/alxhoff/git/GitHub/FC-Bayern-Hackdays/stm32f4/hackdays/Middlewares/Third_Party/FreeRTOS/Source/include" -I"/home/alxhoff/git/GitHub/FC-Bayern-Hackdays/stm32f4/hackdays/Middlewares/Third_Party/FreeRTOS/Source/CMSIS_RTOS" -I"/home/alxhoff/git/GitHub/FC-Bayern-Hackdays/stm32f4/hackdays/Drivers/CMSIS/Include" -I"/home/alxhoff/git/GitHub/FC-Bayern-Hackdays/stm32f4/hackdays/Inc"  -Og -g3 -Wall -fmessage-length=0 -ffunction-sections -c -fmessage-length=0 -MMD -MP -MF"Drivers/STM32F4xx_HAL_Driver/Src/stm32f4xx_hal_rcc.d" -MT"Drivers/STM32F4xx_HAL_Driver/Src/stm32f4xx_hal_rcc.o" -o "Drivers/STM32F4xx_HAL_Driver/Src/stm32f4xx_hal_rcc.o" "../Drivers/STM32F4xx_HAL_Driver/Src/stm32f4xx_hal_rcc.c"
Finished building: ../Drivers/STM32F4xx_HAL_Driver/Src/stm32f4xx_hal_rcc.c
 
Building file: ../Drivers/STM32F4xx_HAL_Driver/Src/stm32f4xx_hal_rcc_ex.c
Invoking: MCU GCC Compiler
/home/alxhoff/git/GitHub/FC-Bayern-Hackdays/stm32f4/hackdays/Debug
arm-none-eabi-gcc -mcpu=cortex-m4 -mthumb -mfloat-abi=hard -mfpu=fpv4-sp-d16 '-D__weak=__attribute__((weak))' '-D__packed="__attribute__((__packed__))"' -DUSE_HAL_DRIVER -DSTM32F429xx -I"/home/alxhoff/git/GitHub/FC-Bayern-Hackdays/stm32f4/hackdays/Inc" -I"/home/alxhoff/git/GitHub/FC-Bayern-Hackdays/stm32f4/hackdays/Drivers/STM32F4xx_HAL_Driver/Inc" -I"/home/alxhoff/git/GitHub/FC-Bayern-Hackdays/stm32f4/hackdays/Drivers/STM32F4xx_HAL_Driver/Inc/Legacy" -I"/home/alxhoff/git/GitHub/FC-Bayern-Hackdays/stm32f4/hackdays/Middlewares/Third_Party/FreeRTOS/Source/portable/GCC/ARM_CM4F" -I"/home/alxhoff/git/GitHub/FC-Bayern-Hackdays/stm32f4/hackdays/Drivers/CMSIS/Device/ST/STM32F4xx/Include" -I"/home/alxhoff/git/GitHub/FC-Bayern-Hackdays/stm32f4/hackdays/Middlewares/Third_Party/FreeRTOS/Source/include" -I"/home/alxhoff/git/GitHub/FC-Bayern-Hackdays/stm32f4/hackdays/Middlewares/Third_Party/FreeRTOS/Source/CMSIS_RTOS" -I"/home/alxhoff/git/GitHub/FC-Bayern-Hackdays/stm32f4/hackdays/Drivers/CMSIS/Include" -I"/home/alxhoff/git/GitHub/FC-Bayern-Hackdays/stm32f4/hackdays/Inc"  -Og -g3 -Wall -fmessage-length=0 -ffunction-sections -c -fmessage-length=0 -MMD -MP -MF"Drivers/STM32F4xx_HAL_Driver/Src/stm32f4xx_hal_rcc_ex.d" -MT"Drivers/STM32F4xx_HAL_Driver/Src/stm32f4xx_hal_rcc_ex.o" -o "Drivers/STM32F4xx_HAL_Driver/Src/stm32f4xx_hal_rcc_ex.o" "../Drivers/STM32F4xx_HAL_Driver/Src/stm32f4xx_hal_rcc_ex.c"
Finished building: ../Drivers/STM32F4xx_HAL_Driver/Src/stm32f4xx_hal_rcc_ex.c
 
Building file: ../Drivers/STM32F4xx_HAL_Driver/Src/stm32f4xx_hal_tim.c
Invoking: MCU GCC Compiler
/home/alxhoff/git/GitHub/FC-Bayern-Hackdays/stm32f4/hackdays/Debug
arm-none-eabi-gcc -mcpu=cortex-m4 -mthumb -mfloat-abi=hard -mfpu=fpv4-sp-d16 '-D__weak=__attribute__((weak))' '-D__packed="__attribute__((__packed__))"' -DUSE_HAL_DRIVER -DSTM32F429xx -I"/home/alxhoff/git/GitHub/FC-Bayern-Hackdays/stm32f4/hackdays/Inc" -I"/home/alxhoff/git/GitHub/FC-Bayern-Hackdays/stm32f4/hackdays/Drivers/STM32F4xx_HAL_Driver/Inc" -I"/home/alxhoff/git/GitHub/FC-Bayern-Hackdays/stm32f4/hackdays/Drivers/STM32F4xx_HAL_Driver/Inc/Legacy" -I"/home/alxhoff/git/GitHub/FC-Bayern-Hackdays/stm32f4/hackdays/Middlewares/Third_Party/FreeRTOS/Source/portable/GCC/ARM_CM4F" -I"/home/alxhoff/git/GitHub/FC-Bayern-Hackdays/stm32f4/hackdays/Drivers/CMSIS/Device/ST/STM32F4xx/Include" -I"/home/alxhoff/git/GitHub/FC-Bayern-Hackdays/stm32f4/hackdays/Middlewares/Third_Party/FreeRTOS/Source/include" -I"/home/alxhoff/git/GitHub/FC-Bayern-Hackdays/stm32f4/hackdays/Middlewares/Third_Party/FreeRTOS/Source/CMSIS_RTOS" -I"/home/alxhoff/git/GitHub/FC-Bayern-Hackdays/stm32f4/hackdays/Drivers/CMSIS/Include" -I"/home/alxhoff/git/GitHub/FC-Bayern-Hackdays/stm32f4/hackdays/Inc"  -Og -g3 -Wall -fmessage-length=0 -ffunction-sections -c -fmessage-length=0 -MMD -MP -MF"Drivers/STM32F4xx_HAL_Driver/Src/stm32f4xx_hal_tim.d" -MT"Drivers/STM32F4xx_HAL_Driver/Src/stm32f4xx_hal_tim.o" -o "Drivers/STM32F4xx_HAL_Driver/Src/stm32f4xx_hal_tim.o" "../Drivers/STM32F4xx_HAL_Driver/Src/stm32f4xx_hal_tim.c"
Finished building: ../Drivers/STM32F4xx_HAL_Driver/Src/stm32f4xx_hal_tim.c
 
Building file: ../Drivers/STM32F4xx_HAL_Driver/Src/stm32f4xx_hal_tim_ex.c
Invoking: MCU GCC Compiler
/home/alxhoff/git/GitHub/FC-Bayern-Hackdays/stm32f4/hackdays/Debug
arm-none-eabi-gcc -mcpu=cortex-m4 -mthumb -mfloat-abi=hard -mfpu=fpv4-sp-d16 '-D__weak=__attribute__((weak))' '-D__packed="__attribute__((__packed__))"' -DUSE_HAL_DRIVER -DSTM32F429xx -I"/home/alxhoff/git/GitHub/FC-Bayern-Hackdays/stm32f4/hackdays/Inc" -I"/home/alxhoff/git/GitHub/FC-Bayern-Hackdays/stm32f4/hackdays/Drivers/STM32F4xx_HAL_Driver/Inc" -I"/home/alxhoff/git/GitHub/FC-Bayern-Hackdays/stm32f4/hackdays/Drivers/STM32F4xx_HAL_Driver/Inc/Legacy" -I"/home/alxhoff/git/GitHub/FC-Bayern-Hackdays/stm32f4/hackdays/Middlewares/Third_Party/FreeRTOS/Source/portable/GCC/ARM_CM4F" -I"/home/alxhoff/git/GitHub/FC-Bayern-Hackdays/stm32f4/hackdays/Drivers/CMSIS/Device/ST/STM32F4xx/Include" -I"/home/alxhoff/git/GitHub/FC-Bayern-Hackdays/stm32f4/hackdays/Middlewares/Third_Party/FreeRTOS/Source/include" -I"/home/alxhoff/git/GitHub/FC-Bayern-Hackdays/stm32f4/hackdays/Middlewares/Third_Party/FreeRTOS/Source/CMSIS_RTOS" -I"/home/alxhoff/git/GitHub/FC-Bayern-Hackdays/stm32f4/hackdays/Drivers/CMSIS/Include" -I"/home/alxhoff/git/GitHub/FC-Bayern-Hackdays/stm32f4/hackdays/Inc"  -Og -g3 -Wall -fmessage-length=0 -ffunction-sections -c -fmessage-length=0 -MMD -MP -MF"Drivers/STM32F4xx_HAL_Driver/Src/stm32f4xx_hal_tim_ex.d" -MT"Drivers/STM32F4xx_HAL_Driver/Src/stm32f4xx_hal_tim_ex.o" -o "Drivers/STM32F4xx_HAL_Driver/Src/stm32f4xx_hal_tim_ex.o" "../Drivers/STM32F4xx_HAL_Driver/Src/stm32f4xx_hal_tim_ex.c"
Finished building: ../Drivers/STM32F4xx_HAL_Driver/Src/stm32f4xx_hal_tim_ex.c
 
Building file: ../Drivers/STM32F4xx_HAL_Driver/Src/stm32f4xx_hal_uart.c
Invoking: MCU GCC Compiler
/home/alxhoff/git/GitHub/FC-Bayern-Hackdays/stm32f4/hackdays/Debug
arm-none-eabi-gcc -mcpu=cortex-m4 -mthumb -mfloat-abi=hard -mfpu=fpv4-sp-d16 '-D__weak=__attribute__((weak))' '-D__packed="__attribute__((__packed__))"' -DUSE_HAL_DRIVER -DSTM32F429xx -I"/home/alxhoff/git/GitHub/FC-Bayern-Hackdays/stm32f4/hackdays/Inc" -I"/home/alxhoff/git/GitHub/FC-Bayern-Hackdays/stm32f4/hackdays/Drivers/STM32F4xx_HAL_Driver/Inc" -I"/home/alxhoff/git/GitHub/FC-Bayern-Hackdays/stm32f4/hackdays/Drivers/STM32F4xx_HAL_Driver/Inc/Legacy" -I"/home/alxhoff/git/GitHub/FC-Bayern-Hackdays/stm32f4/hackdays/Middlewares/Third_Party/FreeRTOS/Source/portable/GCC/ARM_CM4F" -I"/home/alxhoff/git/GitHub/FC-Bayern-Hackdays/stm32f4/hackdays/Drivers/CMSIS/Device/ST/STM32F4xx/Include" -I"/home/alxhoff/git/GitHub/FC-Bayern-Hackdays/stm32f4/hackdays/Middlewares/Third_Party/FreeRTOS/Source/include" -I"/home/alxhoff/git/GitHub/FC-Bayern-Hackdays/stm32f4/hackdays/Middlewares/Third_Party/FreeRTOS/Source/CMSIS_RTOS" -I"/home/alxhoff/git/GitHub/FC-Bayern-Hackdays/stm32f4/hackdays/Drivers/CMSIS/Include" -I"/home/alxhoff/git/GitHub/FC-Bayern-Hackdays/stm32f4/hackdays/Inc"  -Og -g3 -Wall -fmessage-length=0 -ffunction-sections -c -fmessage-length=0 -MMD -MP -MF"Drivers/STM32F4xx_HAL_Driver/Src/stm32f4xx_hal_uart.d" -MT"Drivers/STM32F4xx_HAL_Driver/Src/stm32f4xx_hal_uart.o" -o "Drivers/STM32F4xx_HAL_Driver/Src/stm32f4xx_hal_uart.o" "../Drivers/STM32F4xx_HAL_Driver/Src/stm32f4xx_hal_uart.c"
Finished building: ../Drivers/STM32F4xx_HAL_Driver/Src/stm32f4xx_hal_uart.c
 
Building target: hackdays.elf
Invoking: MCU GCC Linker
arm-none-eabi-gcc -mcpu=cortex-m4 -mthumb -mfloat-abi=hard -mfpu=fpv4-sp-d16 -specs=nosys.specs -specs=nano.specs -T"../STM32F429ZITx_FLASH.ld" -Wl,-Map=output.map -Wl,--gc-sections -o "hackdays.elf" @"objects.list"   -lm
Finished building target: hackdays.elf
 
make --no-print-directory post-build
Generating binary and Printing size information:
arm-none-eabi-objcopy -O binary "hackdays.elf" "hackdays.bin"
arm-none-eabi-size "hackdays.elf"
   text	   data	    bss	    dec	    hex	filename
   9700	     16	  17392	  27108	   69e4	hackdays.elf
 
10:58:26 **** Incremental Build of configuration Debug for project hackdays ****
make all 
Building file: ../Src/main.c
Invoking: MCU GCC Compiler
/home/alxhoff/git/GitHub/FC-Bayern-Hackdays/stm32f4/hackdays/Debug
arm-none-eabi-gcc -mcpu=cortex-m4 -mthumb -mfloat-abi=hard -mfpu=fpv4-sp-d16 '-D__weak=__attribute__((weak))' '-D__packed="__attribute__((__packed__))"' -DUSE_HAL_DRIVER -DSTM32F429xx -I"/home/alxhoff/git/GitHub/FC-Bayern-Hackdays/stm32f4/hackdays/Inc" -I"/home/alxhoff/git/GitHub/FC-Bayern-Hackdays/stm32f4/hackdays/Drivers/STM32F4xx_HAL_Driver/Inc" -I"/home/alxhoff/git/GitHub/FC-Bayern-Hackdays/stm32f4/hackdays/Drivers/STM32F4xx_HAL_Driver/Inc/Legacy" -I"/home/alxhoff/git/GitHub/FC-Bayern-Hackdays/stm32f4/hackdays/Middlewares/Third_Party/FreeRTOS/Source/portable/GCC/ARM_CM4F" -I"/home/alxhoff/git/GitHub/FC-Bayern-Hackdays/stm32f4/hackdays/Drivers/CMSIS/Device/ST/STM32F4xx/Include" -I"/home/alxhoff/git/GitHub/FC-Bayern-Hackdays/stm32f4/hackdays/Middlewares/Third_Party/FreeRTOS/Source/include" -I"/home/alxhoff/git/GitHub/FC-Bayern-Hackdays/stm32f4/hackdays/Middlewares/Third_Party/FreeRTOS/Source/CMSIS_RTOS" -I"/home/alxhoff/git/GitHub/FC-Bayern-Hackdays/stm32f4/hackdays/Drivers/CMSIS/Include" -I"/home/alxhoff/git/GitHub/FC-Bayern-Hackdays/stm32f4/hackdays/Inc"  -Og -g3 -Wall -fmessage-length=0 -ffunction-sections -c -fmessage-length=0 -MMD -MP -MF"Src/main.d" -MT"Src/main.o" -o "Src/main.o" "../Src/main.c"
../Src/main.c: In function 'StartDefaultTask':
../Src/main.c:390:5: error: too few arguments to function 'HAL_UART_Transmit'
     HAL_UART_Transmit(&huart2, (uint8_t*)message, 0xFFFF);
     ^~~~~~~~~~~~~~~~~
In file included from /home/alxhoff/git/GitHub/FC-Bayern-Hackdays/stm32f4/hackdays/Inc/stm32f4xx_hal_conf.h:368:0,
                 from /home/alxhoff/git/GitHub/FC-Bayern-Hackdays/stm32f4/hackdays/Drivers/STM32F4xx_HAL_Driver/Inc/stm32f4xx_hal.h:48,
                 from ../Src/main.c:50:
/home/alxhoff/git/GitHub/FC-Bayern-Hackdays/stm32f4/hackdays/Drivers/STM32F4xx_HAL_Driver/Inc/stm32f4xx_hal_uart.h:647:19: note: declared here
 HAL_StatusTypeDef HAL_UART_Transmit(UART_HandleTypeDef *huart, uint8_t *pData, uint16_t Size, uint32_t Timeout);
                   ^~~~~~~~~~~~~~~~~
make: *** [Src/subdir.mk:36: Src/main.o] Error 1
10:58:48 **** Incremental Build of configuration Debug for project hackdays ****
make all 
Building file: ../Src/main.c
Invoking: MCU GCC Compiler
/home/alxhoff/git/GitHub/FC-Bayern-Hackdays/stm32f4/hackdays/Debug
arm-none-eabi-gcc -mcpu=cortex-m4 -mthumb -mfloat-abi=hard -mfpu=fpv4-sp-d16 '-D__weak=__attribute__((weak))' '-D__packed="__attribute__((__packed__))"' -DUSE_HAL_DRIVER -DSTM32F429xx -I"/home/alxhoff/git/GitHub/FC-Bayern-Hackdays/stm32f4/hackdays/Inc" -I"/home/alxhoff/git/GitHub/FC-Bayern-Hackdays/stm32f4/hackdays/Drivers/STM32F4xx_HAL_Driver/Inc" -I"/home/alxhoff/git/GitHub/FC-Bayern-Hackdays/stm32f4/hackdays/Drivers/STM32F4xx_HAL_Driver/Inc/Legacy" -I"/home/alxhoff/git/GitHub/FC-Bayern-Hackdays/stm32f4/hackdays/Middlewares/Third_Party/FreeRTOS/Source/portable/GCC/ARM_CM4F" -I"/home/alxhoff/git/GitHub/FC-Bayern-Hackdays/stm32f4/hackdays/Drivers/CMSIS/Device/ST/STM32F4xx/Include" -I"/home/alxhoff/git/GitHub/FC-Bayern-Hackdays/stm32f4/hackdays/Middlewares/Third_Party/FreeRTOS/Source/include" -I"/home/alxhoff/git/GitHub/FC-Bayern-Hackdays/stm32f4/hackdays/Middlewares/Third_Party/FreeRTOS/Source/CMSIS_RTOS" -I"/home/alxhoff/git/GitHub/FC-Bayern-Hackdays/stm32f4/hackdays/Drivers/CMSIS/Include" -I"/home/alxhoff/git/GitHub/FC-Bayern-Hackdays/stm32f4/hackdays/Inc"  -Og -g3 -Wall -fmessage-length=0 -ffunction-sections -c -fmessage-length=0 -MMD -MP -MF"Src/main.d" -MT"Src/main.o" -o "Src/main.o" "../Src/main.c"
../Src/main.c: In function 'StartDefaultTask':
../Src/main.c:390:51: warning: implicit declaration of function 'strlen' [-Wimplicit-function-declaration]
     HAL_UART_Transmit(&huart2, (uint8_t*)message, strlen(message), 0xFFFF);
                                                   ^~~~~~
../Src/main.c:390:51: warning: incompatible implicit declaration of built-in function 'strlen'
../Src/main.c:390:51: note: include '<string.h>' or provide a declaration of 'strlen'
Finished building: ../Src/main.c
 
Building target: hackdays.elf
Invoking: MCU GCC Linker
arm-none-eabi-gcc -mcpu=cortex-m4 -mthumb -mfloat-abi=hard -mfpu=fpv4-sp-d16 -specs=nosys.specs -specs=nano.specs -T"../STM32F429ZITx_FLASH.ld" -Wl,-Map=output.map -Wl,--gc-sections -o "hackdays.elf" @"objects.list"   -lm
Finished building target: hackdays.elf
 
make --no-print-directory post-build
Generating binary and Printing size information:
arm-none-eabi-objcopy -O binary "hackdays.elf" "hackdays.bin"
arm-none-eabi-size "hackdays.elf"
   text	   data	    bss	    dec	    hex	filename
  10076	     16	  17392	  27484	   6b5c	hackdays.elf
 
10:58:53 **** Incremental Build of configuration Debug for project hackdays ****
make all 
make: Nothing to be done for 'all'.
11:07:51 **** Incremental Build of configuration Debug for project hackdays ****
make all 
Building file: ../Src/freertos.c
Invoking: MCU GCC Compiler
/home/alxhoff/git/GitHub/FC-Bayern-Hackdays/stm32f4/hackdays/Debug
arm-none-eabi-gcc -mcpu=cortex-m4 -mthumb -mfloat-abi=hard -mfpu=fpv4-sp-d16 '-D__weak=__attribute__((weak))' '-D__packed="__attribute__((__packed__))"' -DUSE_HAL_DRIVER -DSTM32F429xx -I"/home/alxhoff/git/GitHub/FC-Bayern-Hackdays/stm32f4/hackdays/Inc" -I"/home/alxhoff/git/GitHub/FC-Bayern-Hackdays/stm32f4/hackdays/Drivers/STM32F4xx_HAL_Driver/Inc" -I"/home/alxhoff/git/GitHub/FC-Bayern-Hackdays/stm32f4/hackdays/Drivers/STM32F4xx_HAL_Driver/Inc/Legacy" -I"/home/alxhoff/git/GitHub/FC-Bayern-Hackdays/stm32f4/hackdays/Middlewares/Third_Party/FreeRTOS/Source/portable/GCC/ARM_CM4F" -I"/home/alxhoff/git/GitHub/FC-Bayern-Hackdays/stm32f4/hackdays/Drivers/CMSIS/Device/ST/STM32F4xx/Include" -I"/home/alxhoff/git/GitHub/FC-Bayern-Hackdays/stm32f4/hackdays/Middlewares/Third_Party/FreeRTOS/Source/include" -I"/home/alxhoff/git/GitHub/FC-Bayern-Hackdays/stm32f4/hackdays/Middlewares/Third_Party/FreeRTOS/Source/CMSIS_RTOS" -I"/home/alxhoff/git/GitHub/FC-Bayern-Hackdays/stm32f4/hackdays/Drivers/CMSIS/Include" -I"/home/alxhoff/git/GitHub/FC-Bayern-Hackdays/stm32f4/hackdays/Inc"  -Og -g3 -Wall -fmessage-length=0 -ffunction-sections -c -fmessage-length=0 -MMD -MP -MF"Src/freertos.d" -MT"Src/freertos.o" -o "Src/freertos.o" "../Src/freertos.c"
Finished building: ../Src/freertos.c
 
Building file: ../Src/main.c
Invoking: MCU GCC Compiler
/home/alxhoff/git/GitHub/FC-Bayern-Hackdays/stm32f4/hackdays/Debug
arm-none-eabi-gcc -mcpu=cortex-m4 -mthumb -mfloat-abi=hard -mfpu=fpv4-sp-d16 '-D__weak=__attribute__((weak))' '-D__packed="__attribute__((__packed__))"' -DUSE_HAL_DRIVER -DSTM32F429xx -I"/home/alxhoff/git/GitHub/FC-Bayern-Hackdays/stm32f4/hackdays/Inc" -I"/home/alxhoff/git/GitHub/FC-Bayern-Hackdays/stm32f4/hackdays/Drivers/STM32F4xx_HAL_Driver/Inc" -I"/home/alxhoff/git/GitHub/FC-Bayern-Hackdays/stm32f4/hackdays/Drivers/STM32F4xx_HAL_Driver/Inc/Legacy" -I"/home/alxhoff/git/GitHub/FC-Bayern-Hackdays/stm32f4/hackdays/Middlewares/Third_Party/FreeRTOS/Source/portable/GCC/ARM_CM4F" -I"/home/alxhoff/git/GitHub/FC-Bayern-Hackdays/stm32f4/hackdays/Drivers/CMSIS/Device/ST/STM32F4xx/Include" -I"/home/alxhoff/git/GitHub/FC-Bayern-Hackdays/stm32f4/hackdays/Middlewares/Third_Party/FreeRTOS/Source/include" -I"/home/alxhoff/git/GitHub/FC-Bayern-Hackdays/stm32f4/hackdays/Middlewares/Third_Party/FreeRTOS/Source/CMSIS_RTOS" -I"/home/alxhoff/git/GitHub/FC-Bayern-Hackdays/stm32f4/hackdays/Drivers/CMSIS/Include" -I"/home/alxhoff/git/GitHub/FC-Bayern-Hackdays/stm32f4/hackdays/Inc"  -Og -g3 -Wall -fmessage-length=0 -ffunction-sections -c -fmessage-length=0 -MMD -MP -MF"Src/main.d" -MT"Src/main.o" -o "Src/main.o" "../Src/main.c"
../Src/main.c: In function 'StartDefaultTask':
../Src/main.c:426:52: warning: implicit declaration of function 'strlen' [-Wimplicit-function-declaration]
     HAL_UART_Transmit(&huart2, (uint8_t*)message2, strlen(message2), 0xFFFF);
                                                    ^~~~~~
../Src/main.c:426:52: warning: incompatible implicit declaration of built-in function 'strlen'
../Src/main.c:426:52: note: include '<string.h>' or provide a declaration of 'strlen'
Finished building: ../Src/main.c
 
Building file: ../Src/stm32f4xx_hal_msp.c
Invoking: MCU GCC Compiler
/home/alxhoff/git/GitHub/FC-Bayern-Hackdays/stm32f4/hackdays/Debug
arm-none-eabi-gcc -mcpu=cortex-m4 -mthumb -mfloat-abi=hard -mfpu=fpv4-sp-d16 '-D__weak=__attribute__((weak))' '-D__packed="__attribute__((__packed__))"' -DUSE_HAL_DRIVER -DSTM32F429xx -I"/home/alxhoff/git/GitHub/FC-Bayern-Hackdays/stm32f4/hackdays/Inc" -I"/home/alxhoff/git/GitHub/FC-Bayern-Hackdays/stm32f4/hackdays/Drivers/STM32F4xx_HAL_Driver/Inc" -I"/home/alxhoff/git/GitHub/FC-Bayern-Hackdays/stm32f4/hackdays/Drivers/STM32F4xx_HAL_Driver/Inc/Legacy" -I"/home/alxhoff/git/GitHub/FC-Bayern-Hackdays/stm32f4/hackdays/Middlewares/Third_Party/FreeRTOS/Source/portable/GCC/ARM_CM4F" -I"/home/alxhoff/git/GitHub/FC-Bayern-Hackdays/stm32f4/hackdays/Drivers/CMSIS/Device/ST/STM32F4xx/Include" -I"/home/alxhoff/git/GitHub/FC-Bayern-Hackdays/stm32f4/hackdays/Middlewares/Third_Party/FreeRTOS/Source/include" -I"/home/alxhoff/git/GitHub/FC-Bayern-Hackdays/stm32f4/hackdays/Middlewares/Third_Party/FreeRTOS/Source/CMSIS_RTOS" -I"/home/alxhoff/git/GitHub/FC-Bayern-Hackdays/stm32f4/hackdays/Drivers/CMSIS/Include" -I"/home/alxhoff/git/GitHub/FC-Bayern-Hackdays/stm32f4/hackdays/Inc"  -Og -g3 -Wall -fmessage-length=0 -ffunction-sections -c -fmessage-length=0 -MMD -MP -MF"Src/stm32f4xx_hal_msp.d" -MT"Src/stm32f4xx_hal_msp.o" -o "Src/stm32f4xx_hal_msp.o" "../Src/stm32f4xx_hal_msp.c"
Finished building: ../Src/stm32f4xx_hal_msp.c
 
Building file: ../Src/stm32f4xx_hal_timebase_TIM.c
Invoking: MCU GCC Compiler
/home/alxhoff/git/GitHub/FC-Bayern-Hackdays/stm32f4/hackdays/Debug
arm-none-eabi-gcc -mcpu=cortex-m4 -mthumb -mfloat-abi=hard -mfpu=fpv4-sp-d16 '-D__weak=__attribute__((weak))' '-D__packed="__attribute__((__packed__))"' -DUSE_HAL_DRIVER -DSTM32F429xx -I"/home/alxhoff/git/GitHub/FC-Bayern-Hackdays/stm32f4/hackdays/Inc" -I"/home/alxhoff/git/GitHub/FC-Bayern-Hackdays/stm32f4/hackdays/Drivers/STM32F4xx_HAL_Driver/Inc" -I"/home/alxhoff/git/GitHub/FC-Bayern-Hackdays/stm32f4/hackdays/Drivers/STM32F4xx_HAL_Driver/Inc/Legacy" -I"/home/alxhoff/git/GitHub/FC-Bayern-Hackdays/stm32f4/hackdays/Middlewares/Third_Party/FreeRTOS/Source/portable/GCC/ARM_CM4F" -I"/home/alxhoff/git/GitHub/FC-Bayern-Hackdays/stm32f4/hackdays/Drivers/CMSIS/Device/ST/STM32F4xx/Include" -I"/home/alxhoff/git/GitHub/FC-Bayern-Hackdays/stm32f4/hackdays/Middlewares/Third_Party/FreeRTOS/Source/include" -I"/home/alxhoff/git/GitHub/FC-Bayern-Hackdays/stm32f4/hackdays/Middlewares/Third_Party/FreeRTOS/Source/CMSIS_RTOS" -I"/home/alxhoff/git/GitHub/FC-Bayern-Hackdays/stm32f4/hackdays/Drivers/CMSIS/Include" -I"/home/alxhoff/git/GitHub/FC-Bayern-Hackdays/stm32f4/hackdays/Inc"  -Og -g3 -Wall -fmessage-length=0 -ffunction-sections -c -fmessage-length=0 -MMD -MP -MF"Src/stm32f4xx_hal_timebase_TIM.d" -MT"Src/stm32f4xx_hal_timebase_TIM.o" -o "Src/stm32f4xx_hal_timebase_TIM.o" "../Src/stm32f4xx_hal_timebase_TIM.c"
Finished building: ../Src/stm32f4xx_hal_timebase_TIM.c
 
Building file: ../Src/stm32f4xx_it.c
Invoking: MCU GCC Compiler
/home/alxhoff/git/GitHub/FC-Bayern-Hackdays/stm32f4/hackdays/Debug
arm-none-eabi-gcc -mcpu=cortex-m4 -mthumb -mfloat-abi=hard -mfpu=fpv4-sp-d16 '-D__weak=__attribute__((weak))' '-D__packed="__attribute__((__packed__))"' -DUSE_HAL_DRIVER -DSTM32F429xx -I"/home/alxhoff/git/GitHub/FC-Bayern-Hackdays/stm32f4/hackdays/Inc" -I"/home/alxhoff/git/GitHub/FC-Bayern-Hackdays/stm32f4/hackdays/Drivers/STM32F4xx_HAL_Driver/Inc" -I"/home/alxhoff/git/GitHub/FC-Bayern-Hackdays/stm32f4/hackdays/Drivers/STM32F4xx_HAL_Driver/Inc/Legacy" -I"/home/alxhoff/git/GitHub/FC-Bayern-Hackdays/stm32f4/hackdays/Middlewares/Third_Party/FreeRTOS/Source/portable/GCC/ARM_CM4F" -I"/home/alxhoff/git/GitHub/FC-Bayern-Hackdays/stm32f4/hackdays/Drivers/CMSIS/Device/ST/STM32F4xx/Include" -I"/home/alxhoff/git/GitHub/FC-Bayern-Hackdays/stm32f4/hackdays/Middlewares/Third_Party/FreeRTOS/Source/include" -I"/home/alxhoff/git/GitHub/FC-Bayern-Hackdays/stm32f4/hackdays/Middlewares/Third_Party/FreeRTOS/Source/CMSIS_RTOS" -I"/home/alxhoff/git/GitHub/FC-Bayern-Hackdays/stm32f4/hackdays/Drivers/CMSIS/Include" -I"/home/alxhoff/git/GitHub/FC-Bayern-Hackdays/stm32f4/hackdays/Inc"  -Og -g3 -Wall -fmessage-length=0 -ffunction-sections -c -fmessage-length=0 -MMD -MP -MF"Src/stm32f4xx_it.d" -MT"Src/stm32f4xx_it.o" -o "Src/stm32f4xx_it.o" "../Src/stm32f4xx_it.c"
Finished building: ../Src/stm32f4xx_it.c
 
Building file: ../Src/system_stm32f4xx.c
Invoking: MCU GCC Compiler
/home/alxhoff/git/GitHub/FC-Bayern-Hackdays/stm32f4/hackdays/Debug
arm-none-eabi-gcc -mcpu=cortex-m4 -mthumb -mfloat-abi=hard -mfpu=fpv4-sp-d16 '-D__weak=__attribute__((weak))' '-D__packed="__attribute__((__packed__))"' -DUSE_HAL_DRIVER -DSTM32F429xx -I"/home/alxhoff/git/GitHub/FC-Bayern-Hackdays/stm32f4/hackdays/Inc" -I"/home/alxhoff/git/GitHub/FC-Bayern-Hackdays/stm32f4/hackdays/Drivers/STM32F4xx_HAL_Driver/Inc" -I"/home/alxhoff/git/GitHub/FC-Bayern-Hackdays/stm32f4/hackdays/Drivers/STM32F4xx_HAL_Driver/Inc/Legacy" -I"/home/alxhoff/git/GitHub/FC-Bayern-Hackdays/stm32f4/hackdays/Middlewares/Third_Party/FreeRTOS/Source/portable/GCC/ARM_CM4F" -I"/home/alxhoff/git/GitHub/FC-Bayern-Hackdays/stm32f4/hackdays/Drivers/CMSIS/Device/ST/STM32F4xx/Include" -I"/home/alxhoff/git/GitHub/FC-Bayern-Hackdays/stm32f4/hackdays/Middlewares/Third_Party/FreeRTOS/Source/include" -I"/home/alxhoff/git/GitHub/FC-Bayern-Hackdays/stm32f4/hackdays/Middlewares/Third_Party/FreeRTOS/Source/CMSIS_RTOS" -I"/home/alxhoff/git/GitHub/FC-Bayern-Hackdays/stm32f4/hackdays/Drivers/CMSIS/Include" -I"/home/alxhoff/git/GitHub/FC-Bayern-Hackdays/stm32f4/hackdays/Inc"  -Og -g3 -Wall -fmessage-length=0 -ffunction-sections -c -fmessage-length=0 -MMD -MP -MF"Src/system_stm32f4xx.d" -MT"Src/system_stm32f4xx.o" -o "Src/system_stm32f4xx.o" "../Src/system_stm32f4xx.c"
Finished building: ../Src/system_stm32f4xx.c
 
Building file: ../Middlewares/Third_Party/FreeRTOS/Source/portable/MemMang/heap_4.c
Invoking: MCU GCC Compiler
/home/alxhoff/git/GitHub/FC-Bayern-Hackdays/stm32f4/hackdays/Debug
arm-none-eabi-gcc -mcpu=cortex-m4 -mthumb -mfloat-abi=hard -mfpu=fpv4-sp-d16 '-D__weak=__attribute__((weak))' '-D__packed="__attribute__((__packed__))"' -DUSE_HAL_DRIVER -DSTM32F429xx -I"/home/alxhoff/git/GitHub/FC-Bayern-Hackdays/stm32f4/hackdays/Inc" -I"/home/alxhoff/git/GitHub/FC-Bayern-Hackdays/stm32f4/hackdays/Drivers/STM32F4xx_HAL_Driver/Inc" -I"/home/alxhoff/git/GitHub/FC-Bayern-Hackdays/stm32f4/hackdays/Drivers/STM32F4xx_HAL_Driver/Inc/Legacy" -I"/home/alxhoff/git/GitHub/FC-Bayern-Hackdays/stm32f4/hackdays/Middlewares/Third_Party/FreeRTOS/Source/portable/GCC/ARM_CM4F" -I"/home/alxhoff/git/GitHub/FC-Bayern-Hackdays/stm32f4/hackdays/Drivers/CMSIS/Device/ST/STM32F4xx/Include" -I"/home/alxhoff/git/GitHub/FC-Bayern-Hackdays/stm32f4/hackdays/Middlewares/Third_Party/FreeRTOS/Source/include" -I"/home/alxhoff/git/GitHub/FC-Bayern-Hackdays/stm32f4/hackdays/Middlewares/Third_Party/FreeRTOS/Source/CMSIS_RTOS" -I"/home/alxhoff/git/GitHub/FC-Bayern-Hackdays/stm32f4/hackdays/Drivers/CMSIS/Include" -I"/home/alxhoff/git/GitHub/FC-Bayern-Hackdays/stm32f4/hackdays/Inc"  -Og -g3 -Wall -fmessage-length=0 -ffunction-sections -c -fmessage-length=0 -MMD -MP -MF"Middlewares/Third_Party/FreeRTOS/Source/portable/MemMang/heap_4.d" -MT"Middlewares/Third_Party/FreeRTOS/Source/portable/MemMang/heap_4.o" -o "Middlewares/Third_Party/FreeRTOS/Source/portable/MemMang/heap_4.o" "../Middlewares/Third_Party/FreeRTOS/Source/portable/MemMang/heap_4.c"
Finished building: ../Middlewares/Third_Party/FreeRTOS/Source/portable/MemMang/heap_4.c
 
Building file: ../Middlewares/Third_Party/FreeRTOS/Source/portable/GCC/ARM_CM4F/port.c
Invoking: MCU GCC Compiler
/home/alxhoff/git/GitHub/FC-Bayern-Hackdays/stm32f4/hackdays/Debug
arm-none-eabi-gcc -mcpu=cortex-m4 -mthumb -mfloat-abi=hard -mfpu=fpv4-sp-d16 '-D__weak=__attribute__((weak))' '-D__packed="__attribute__((__packed__))"' -DUSE_HAL_DRIVER -DSTM32F429xx -I"/home/alxhoff/git/GitHub/FC-Bayern-Hackdays/stm32f4/hackdays/Inc" -I"/home/alxhoff/git/GitHub/FC-Bayern-Hackdays/stm32f4/hackdays/Drivers/STM32F4xx_HAL_Driver/Inc" -I"/home/alxhoff/git/GitHub/FC-Bayern-Hackdays/stm32f4/hackdays/Drivers/STM32F4xx_HAL_Driver/Inc/Legacy" -I"/home/alxhoff/git/GitHub/FC-Bayern-Hackdays/stm32f4/hackdays/Middlewares/Third_Party/FreeRTOS/Source/portable/GCC/ARM_CM4F" -I"/home/alxhoff/git/GitHub/FC-Bayern-Hackdays/stm32f4/hackdays/Drivers/CMSIS/Device/ST/STM32F4xx/Include" -I"/home/alxhoff/git/GitHub/FC-Bayern-Hackdays/stm32f4/hackdays/Middlewares/Third_Party/FreeRTOS/Source/include" -I"/home/alxhoff/git/GitHub/FC-Bayern-Hackdays/stm32f4/hackdays/Middlewares/Third_Party/FreeRTOS/Source/CMSIS_RTOS" -I"/home/alxhoff/git/GitHub/FC-Bayern-Hackdays/stm32f4/hackdays/Drivers/CMSIS/Include" -I"/home/alxhoff/git/GitHub/FC-Bayern-Hackdays/stm32f4/hackdays/Inc"  -Og -g3 -Wall -fmessage-length=0 -ffunction-sections -c -fmessage-length=0 -MMD -MP -MF"Middlewares/Third_Party/FreeRTOS/Source/portable/GCC/ARM_CM4F/port.d" -MT"Middlewares/Third_Party/FreeRTOS/Source/portable/GCC/ARM_CM4F/port.o" -o "Middlewares/Third_Party/FreeRTOS/Source/portable/GCC/ARM_CM4F/port.o" "../Middlewares/Third_Party/FreeRTOS/Source/portable/GCC/ARM_CM4F/port.c"
Finished building: ../Middlewares/Third_Party/FreeRTOS/Source/portable/GCC/ARM_CM4F/port.c
 
Building file: ../Middlewares/Third_Party/FreeRTOS/Source/CMSIS_RTOS/cmsis_os.c
Invoking: MCU GCC Compiler
/home/alxhoff/git/GitHub/FC-Bayern-Hackdays/stm32f4/hackdays/Debug
arm-none-eabi-gcc -mcpu=cortex-m4 -mthumb -mfloat-abi=hard -mfpu=fpv4-sp-d16 '-D__weak=__attribute__((weak))' '-D__packed="__attribute__((__packed__))"' -DUSE_HAL_DRIVER -DSTM32F429xx -I"/home/alxhoff/git/GitHub/FC-Bayern-Hackdays/stm32f4/hackdays/Inc" -I"/home/alxhoff/git/GitHub/FC-Bayern-Hackdays/stm32f4/hackdays/Drivers/STM32F4xx_HAL_Driver/Inc" -I"/home/alxhoff/git/GitHub/FC-Bayern-Hackdays/stm32f4/hackdays/Drivers/STM32F4xx_HAL_Driver/Inc/Legacy" -I"/home/alxhoff/git/GitHub/FC-Bayern-Hackdays/stm32f4/hackdays/Middlewares/Third_Party/FreeRTOS/Source/portable/GCC/ARM_CM4F" -I"/home/alxhoff/git/GitHub/FC-Bayern-Hackdays/stm32f4/hackdays/Drivers/CMSIS/Device/ST/STM32F4xx/Include" -I"/home/alxhoff/git/GitHub/FC-Bayern-Hackdays/stm32f4/hackdays/Middlewares/Third_Party/FreeRTOS/Source/include" -I"/home/alxhoff/git/GitHub/FC-Bayern-Hackdays/stm32f4/hackdays/Middlewares/Third_Party/FreeRTOS/Source/CMSIS_RTOS" -I"/home/alxhoff/git/GitHub/FC-Bayern-Hackdays/stm32f4/hackdays/Drivers/CMSIS/Include" -I"/home/alxhoff/git/GitHub/FC-Bayern-Hackdays/stm32f4/hackdays/Inc"  -Og -g3 -Wall -fmessage-length=0 -ffunction-sections -c -fmessage-length=0 -MMD -MP -MF"Middlewares/Third_Party/FreeRTOS/Source/CMSIS_RTOS/cmsis_os.d" -MT"Middlewares/Third_Party/FreeRTOS/Source/CMSIS_RTOS/cmsis_os.o" -o "Middlewares/Third_Party/FreeRTOS/Source/CMSIS_RTOS/cmsis_os.o" "../Middlewares/Third_Party/FreeRTOS/Source/CMSIS_RTOS/cmsis_os.c"
Finished building: ../Middlewares/Third_Party/FreeRTOS/Source/CMSIS_RTOS/cmsis_os.c
 
Building file: ../Middlewares/Third_Party/FreeRTOS/Source/croutine.c
Invoking: MCU GCC Compiler
/home/alxhoff/git/GitHub/FC-Bayern-Hackdays/stm32f4/hackdays/Debug
arm-none-eabi-gcc -mcpu=cortex-m4 -mthumb -mfloat-abi=hard -mfpu=fpv4-sp-d16 '-D__weak=__attribute__((weak))' '-D__packed="__attribute__((__packed__))"' -DUSE_HAL_DRIVER -DSTM32F429xx -I"/home/alxhoff/git/GitHub/FC-Bayern-Hackdays/stm32f4/hackdays/Inc" -I"/home/alxhoff/git/GitHub/FC-Bayern-Hackdays/stm32f4/hackdays/Drivers/STM32F4xx_HAL_Driver/Inc" -I"/home/alxhoff/git/GitHub/FC-Bayern-Hackdays/stm32f4/hackdays/Drivers/STM32F4xx_HAL_Driver/Inc/Legacy" -I"/home/alxhoff/git/GitHub/FC-Bayern-Hackdays/stm32f4/hackdays/Middlewares/Third_Party/FreeRTOS/Source/portable/GCC/ARM_CM4F" -I"/home/alxhoff/git/GitHub/FC-Bayern-Hackdays/stm32f4/hackdays/Drivers/CMSIS/Device/ST/STM32F4xx/Include" -I"/home/alxhoff/git/GitHub/FC-Bayern-Hackdays/stm32f4/hackdays/Middlewares/Third_Party/FreeRTOS/Source/include" -I"/home/alxhoff/git/GitHub/FC-Bayern-Hackdays/stm32f4/hackdays/Middlewares/Third_Party/FreeRTOS/Source/CMSIS_RTOS" -I"/home/alxhoff/git/GitHub/FC-Bayern-Hackdays/stm32f4/hackdays/Drivers/CMSIS/Include" -I"/home/alxhoff/git/GitHub/FC-Bayern-Hackdays/stm32f4/hackdays/Inc"  -Og -g3 -Wall -fmessage-length=0 -ffunction-sections -c -fmessage-length=0 -MMD -MP -MF"Middlewares/Third_Party/FreeRTOS/Source/croutine.d" -MT"Middlewares/Third_Party/FreeRTOS/Source/croutine.o" -o "Middlewares/Third_Party/FreeRTOS/Source/croutine.o" "../Middlewares/Third_Party/FreeRTOS/Source/croutine.c"
Finished building: ../Middlewares/Third_Party/FreeRTOS/Source/croutine.c
 
Building file: ../Middlewares/Third_Party/FreeRTOS/Source/event_groups.c
Invoking: MCU GCC Compiler
/home/alxhoff/git/GitHub/FC-Bayern-Hackdays/stm32f4/hackdays/Debug
arm-none-eabi-gcc -mcpu=cortex-m4 -mthumb -mfloat-abi=hard -mfpu=fpv4-sp-d16 '-D__weak=__attribute__((weak))' '-D__packed="__attribute__((__packed__))"' -DUSE_HAL_DRIVER -DSTM32F429xx -I"/home/alxhoff/git/GitHub/FC-Bayern-Hackdays/stm32f4/hackdays/Inc" -I"/home/alxhoff/git/GitHub/FC-Bayern-Hackdays/stm32f4/hackdays/Drivers/STM32F4xx_HAL_Driver/Inc" -I"/home/alxhoff/git/GitHub/FC-Bayern-Hackdays/stm32f4/hackdays/Drivers/STM32F4xx_HAL_Driver/Inc/Legacy" -I"/home/alxhoff/git/GitHub/FC-Bayern-Hackdays/stm32f4/hackdays/Middlewares/Third_Party/FreeRTOS/Source/portable/GCC/ARM_CM4F" -I"/home/alxhoff/git/GitHub/FC-Bayern-Hackdays/stm32f4/hackdays/Drivers/CMSIS/Device/ST/STM32F4xx/Include" -I"/home/alxhoff/git/GitHub/FC-Bayern-Hackdays/stm32f4/hackdays/Middlewares/Third_Party/FreeRTOS/Source/include" -I"/home/alxhoff/git/GitHub/FC-Bayern-Hackdays/stm32f4/hackdays/Middlewares/Third_Party/FreeRTOS/Source/CMSIS_RTOS" -I"/home/alxhoff/git/GitHub/FC-Bayern-Hackdays/stm32f4/hackdays/Drivers/CMSIS/Include" -I"/home/alxhoff/git/GitHub/FC-Bayern-Hackdays/stm32f4/hackdays/Inc"  -Og -g3 -Wall -fmessage-length=0 -ffunction-sections -c -fmessage-length=0 -MMD -MP -MF"Middlewares/Third_Party/FreeRTOS/Source/event_groups.d" -MT"Middlewares/Third_Party/FreeRTOS/Source/event_groups.o" -o "Middlewares/Third_Party/FreeRTOS/Source/event_groups.o" "../Middlewares/Third_Party/FreeRTOS/Source/event_groups.c"
Finished building: ../Middlewares/Third_Party/FreeRTOS/Source/event_groups.c
 
Building file: ../Middlewares/Third_Party/FreeRTOS/Source/list.c
Invoking: MCU GCC Compiler
/home/alxhoff/git/GitHub/FC-Bayern-Hackdays/stm32f4/hackdays/Debug
arm-none-eabi-gcc -mcpu=cortex-m4 -mthumb -mfloat-abi=hard -mfpu=fpv4-sp-d16 '-D__weak=__attribute__((weak))' '-D__packed="__attribute__((__packed__))"' -DUSE_HAL_DRIVER -DSTM32F429xx -I"/home/alxhoff/git/GitHub/FC-Bayern-Hackdays/stm32f4/hackdays/Inc" -I"/home/alxhoff/git/GitHub/FC-Bayern-Hackdays/stm32f4/hackdays/Drivers/STM32F4xx_HAL_Driver/Inc" -I"/home/alxhoff/git/GitHub/FC-Bayern-Hackdays/stm32f4/hackdays/Drivers/STM32F4xx_HAL_Driver/Inc/Legacy" -I"/home/alxhoff/git/GitHub/FC-Bayern-Hackdays/stm32f4/hackdays/Middlewares/Third_Party/FreeRTOS/Source/portable/GCC/ARM_CM4F" -I"/home/alxhoff/git/GitHub/FC-Bayern-Hackdays/stm32f4/hackdays/Drivers/CMSIS/Device/ST/STM32F4xx/Include" -I"/home/alxhoff/git/GitHub/FC-Bayern-Hackdays/stm32f4/hackdays/Middlewares/Third_Party/FreeRTOS/Source/include" -I"/home/alxhoff/git/GitHub/FC-Bayern-Hackdays/stm32f4/hackdays/Middlewares/Third_Party/FreeRTOS/Source/CMSIS_RTOS" -I"/home/alxhoff/git/GitHub/FC-Bayern-Hackdays/stm32f4/hackdays/Drivers/CMSIS/Include" -I"/home/alxhoff/git/GitHub/FC-Bayern-Hackdays/stm32f4/hackdays/Inc"  -Og -g3 -Wall -fmessage-length=0 -ffunction-sections -c -fmessage-length=0 -MMD -MP -MF"Middlewares/Third_Party/FreeRTOS/Source/list.d" -MT"Middlewares/Third_Party/FreeRTOS/Source/list.o" -o "Middlewares/Third_Party/FreeRTOS/Source/list.o" "../Middlewares/Third_Party/FreeRTOS/Source/list.c"
Finished building: ../Middlewares/Third_Party/FreeRTOS/Source/list.c
 
Building file: ../Middlewares/Third_Party/FreeRTOS/Source/queue.c
Invoking: MCU GCC Compiler
/home/alxhoff/git/GitHub/FC-Bayern-Hackdays/stm32f4/hackdays/Debug
arm-none-eabi-gcc -mcpu=cortex-m4 -mthumb -mfloat-abi=hard -mfpu=fpv4-sp-d16 '-D__weak=__attribute__((weak))' '-D__packed="__attribute__((__packed__))"' -DUSE_HAL_DRIVER -DSTM32F429xx -I"/home/alxhoff/git/GitHub/FC-Bayern-Hackdays/stm32f4/hackdays/Inc" -I"/home/alxhoff/git/GitHub/FC-Bayern-Hackdays/stm32f4/hackdays/Drivers/STM32F4xx_HAL_Driver/Inc" -I"/home/alxhoff/git/GitHub/FC-Bayern-Hackdays/stm32f4/hackdays/Drivers/STM32F4xx_HAL_Driver/Inc/Legacy" -I"/home/alxhoff/git/GitHub/FC-Bayern-Hackdays/stm32f4/hackdays/Middlewares/Third_Party/FreeRTOS/Source/portable/GCC/ARM_CM4F" -I"/home/alxhoff/git/GitHub/FC-Bayern-Hackdays/stm32f4/hackdays/Drivers/CMSIS/Device/ST/STM32F4xx/Include" -I"/home/alxhoff/git/GitHub/FC-Bayern-Hackdays/stm32f4/hackdays/Middlewares/Third_Party/FreeRTOS/Source/include" -I"/home/alxhoff/git/GitHub/FC-Bayern-Hackdays/stm32f4/hackdays/Middlewares/Third_Party/FreeRTOS/Source/CMSIS_RTOS" -I"/home/alxhoff/git/GitHub/FC-Bayern-Hackdays/stm32f4/hackdays/Drivers/CMSIS/Include" -I"/home/alxhoff/git/GitHub/FC-Bayern-Hackdays/stm32f4/hackdays/Inc"  -Og -g3 -Wall -fmessage-length=0 -ffunction-sections -c -fmessage-length=0 -MMD -MP -MF"Middlewares/Third_Party/FreeRTOS/Source/queue.d" -MT"Middlewares/Third_Party/FreeRTOS/Source/queue.o" -o "Middlewares/Third_Party/FreeRTOS/Source/queue.o" "../Middlewares/Third_Party/FreeRTOS/Source/queue.c"
Finished building: ../Middlewares/Third_Party/FreeRTOS/Source/queue.c
 
Building file: ../Middlewares/Third_Party/FreeRTOS/Source/tasks.c
Invoking: MCU GCC Compiler
/home/alxhoff/git/GitHub/FC-Bayern-Hackdays/stm32f4/hackdays/Debug
arm-none-eabi-gcc -mcpu=cortex-m4 -mthumb -mfloat-abi=hard -mfpu=fpv4-sp-d16 '-D__weak=__attribute__((weak))' '-D__packed="__attribute__((__packed__))"' -DUSE_HAL_DRIVER -DSTM32F429xx -I"/home/alxhoff/git/GitHub/FC-Bayern-Hackdays/stm32f4/hackdays/Inc" -I"/home/alxhoff/git/GitHub/FC-Bayern-Hackdays/stm32f4/hackdays/Drivers/STM32F4xx_HAL_Driver/Inc" -I"/home/alxhoff/git/GitHub/FC-Bayern-Hackdays/stm32f4/hackdays/Drivers/STM32F4xx_HAL_Driver/Inc/Legacy" -I"/home/alxhoff/git/GitHub/FC-Bayern-Hackdays/stm32f4/hackdays/Middlewares/Third_Party/FreeRTOS/Source/portable/GCC/ARM_CM4F" -I"/home/alxhoff/git/GitHub/FC-Bayern-Hackdays/stm32f4/hackdays/Drivers/CMSIS/Device/ST/STM32F4xx/Include" -I"/home/alxhoff/git/GitHub/FC-Bayern-Hackdays/stm32f4/hackdays/Middlewares/Third_Party/FreeRTOS/Source/include" -I"/home/alxhoff/git/GitHub/FC-Bayern-Hackdays/stm32f4/hackdays/Middlewares/Third_Party/FreeRTOS/Source/CMSIS_RTOS" -I"/home/alxhoff/git/GitHub/FC-Bayern-Hackdays/stm32f4/hackdays/Drivers/CMSIS/Include" -I"/home/alxhoff/git/GitHub/FC-Bayern-Hackdays/stm32f4/hackdays/Inc"  -Og -g3 -Wall -fmessage-length=0 -ffunction-sections -c -fmessage-length=0 -MMD -MP -MF"Middlewares/Third_Party/FreeRTOS/Source/tasks.d" -MT"Middlewares/Third_Party/FreeRTOS/Source/tasks.o" -o "Middlewares/Third_Party/FreeRTOS/Source/tasks.o" "../Middlewares/Third_Party/FreeRTOS/Source/tasks.c"
Finished building: ../Middlewares/Third_Party/FreeRTOS/Source/tasks.c
 
Building file: ../Middlewares/Third_Party/FreeRTOS/Source/timers.c
Invoking: MCU GCC Compiler
/home/alxhoff/git/GitHub/FC-Bayern-Hackdays/stm32f4/hackdays/Debug
arm-none-eabi-gcc -mcpu=cortex-m4 -mthumb -mfloat-abi=hard -mfpu=fpv4-sp-d16 '-D__weak=__attribute__((weak))' '-D__packed="__attribute__((__packed__))"' -DUSE_HAL_DRIVER -DSTM32F429xx -I"/home/alxhoff/git/GitHub/FC-Bayern-Hackdays/stm32f4/hackdays/Inc" -I"/home/alxhoff/git/GitHub/FC-Bayern-Hackdays/stm32f4/hackdays/Drivers/STM32F4xx_HAL_Driver/Inc" -I"/home/alxhoff/git/GitHub/FC-Bayern-Hackdays/stm32f4/hackdays/Drivers/STM32F4xx_HAL_Driver/Inc/Legacy" -I"/home/alxhoff/git/GitHub/FC-Bayern-Hackdays/stm32f4/hackdays/Middlewares/Third_Party/FreeRTOS/Source/portable/GCC/ARM_CM4F" -I"/home/alxhoff/git/GitHub/FC-Bayern-Hackdays/stm32f4/hackdays/Drivers/CMSIS/Device/ST/STM32F4xx/Include" -I"/home/alxhoff/git/GitHub/FC-Bayern-Hackdays/stm32f4/hackdays/Middlewares/Third_Party/FreeRTOS/Source/include" -I"/home/alxhoff/git/GitHub/FC-Bayern-Hackdays/stm32f4/hackdays/Middlewares/Third_Party/FreeRTOS/Source/CMSIS_RTOS" -I"/home/alxhoff/git/GitHub/FC-Bayern-Hackdays/stm32f4/hackdays/Drivers/CMSIS/Include" -I"/home/alxhoff/git/GitHub/FC-Bayern-Hackdays/stm32f4/hackdays/Inc"  -Og -g3 -Wall -fmessage-length=0 -ffunction-sections -c -fmessage-length=0 -MMD -MP -MF"Middlewares/Third_Party/FreeRTOS/Source/timers.d" -MT"Middlewares/Third_Party/FreeRTOS/Source/timers.o" -o "Middlewares/Third_Party/FreeRTOS/Source/timers.o" "../Middlewares/Third_Party/FreeRTOS/Source/timers.c"
Finished building: ../Middlewares/Third_Party/FreeRTOS/Source/timers.c
 
Building file: ../Drivers/STM32F4xx_HAL_Driver/Src/stm32f4xx_hal.c
Invoking: MCU GCC Compiler
/home/alxhoff/git/GitHub/FC-Bayern-Hackdays/stm32f4/hackdays/Debug
arm-none-eabi-gcc -mcpu=cortex-m4 -mthumb -mfloat-abi=hard -mfpu=fpv4-sp-d16 '-D__weak=__attribute__((weak))' '-D__packed="__attribute__((__packed__))"' -DUSE_HAL_DRIVER -DSTM32F429xx -I"/home/alxhoff/git/GitHub/FC-Bayern-Hackdays/stm32f4/hackdays/Inc" -I"/home/alxhoff/git/GitHub/FC-Bayern-Hackdays/stm32f4/hackdays/Drivers/STM32F4xx_HAL_Driver/Inc" -I"/home/alxhoff/git/GitHub/FC-Bayern-Hackdays/stm32f4/hackdays/Drivers/STM32F4xx_HAL_Driver/Inc/Legacy" -I"/home/alxhoff/git/GitHub/FC-Bayern-Hackdays/stm32f4/hackdays/Middlewares/Third_Party/FreeRTOS/Source/portable/GCC/ARM_CM4F" -I"/home/alxhoff/git/GitHub/FC-Bayern-Hackdays/stm32f4/hackdays/Drivers/CMSIS/Device/ST/STM32F4xx/Include" -I"/home/alxhoff/git/GitHub/FC-Bayern-Hackdays/stm32f4/hackdays/Middlewares/Third_Party/FreeRTOS/Source/include" -I"/home/alxhoff/git/GitHub/FC-Bayern-Hackdays/stm32f4/hackdays/Middlewares/Third_Party/FreeRTOS/Source/CMSIS_RTOS" -I"/home/alxhoff/git/GitHub/FC-Bayern-Hackdays/stm32f4/hackdays/Drivers/CMSIS/Include" -I"/home/alxhoff/git/GitHub/FC-Bayern-Hackdays/stm32f4/hackdays/Inc"  -Og -g3 -Wall -fmessage-length=0 -ffunction-sections -c -fmessage-length=0 -MMD -MP -MF"Drivers/STM32F4xx_HAL_Driver/Src/stm32f4xx_hal.d" -MT"Drivers/STM32F4xx_HAL_Driver/Src/stm32f4xx_hal.o" -o "Drivers/STM32F4xx_HAL_Driver/Src/stm32f4xx_hal.o" "../Drivers/STM32F4xx_HAL_Driver/Src/stm32f4xx_hal.c"
[...]
make all 
Building file: ../Src/main.c
Invoking: MCU GCC Compiler
/home/alxhoff/git/GitHub/FC-Bayern-Hackdays/stm32f4/hackdays/Debug
arm-none-eabi-gcc -mcpu=cortex-m4 -mthumb -mfloat-abi=hard -mfpu=fpv4-sp-d16 '-D__weak=__attribute__((weak))' '-D__packed="__attribute__((__packed__))"' -DUSE_HAL_DRIVER -DSTM32F429xx -I"/home/alxhoff/git/GitHub/FC-Bayern-Hackdays/stm32f4/hackdays/Inc" -I"/home/alxhoff/git/GitHub/FC-Bayern-Hackdays/stm32f4/hackdays/Drivers/STM32F4xx_HAL_Driver/Inc" -I"/home/alxhoff/git/GitHub/FC-Bayern-Hackdays/stm32f4/hackdays/Drivers/STM32F4xx_HAL_Driver/Inc/Legacy" -I"/home/alxhoff/git/GitHub/FC-Bayern-Hackdays/stm32f4/hackdays/Middlewares/Third_Party/FreeRTOS/Source/portable/GCC/ARM_CM4F" -I"/home/alxhoff/git/GitHub/FC-Bayern-Hackdays/stm32f4/hackdays/Drivers/CMSIS/Device/ST/STM32F4xx/Include" -I"/home/alxhoff/git/GitHub/FC-Bayern-Hackdays/stm32f4/hackdays/Middlewares/Third_Party/FreeRTOS/Source/include" -I"/home/alxhoff/git/GitHub/FC-Bayern-Hackdays/stm32f4/hackdays/Middlewares/Third_Party/FreeRTOS/Source/CMSIS_RTOS" -I"/home/alxhoff/git/GitHub/FC-Bayern-Hackdays/stm32f4/hackdays/Drivers/CMSIS/Include" -I"/home/alxhoff/git/GitHub/FC-Bayern-Hackdays/stm32f4/hackdays/Inc"  -Og -g3 -Wall -fmessage-length=0 -ffunction-sections -c -fmessage-length=0 -MMD -MP -MF"Src/main.d" -MT"Src/main.o" -o "Src/main.o" "../Src/main.c"
../Src/main.c: In function 'StartDefaultTask':
../Src/main.c:434:23: warning: format '%zu' expects argument of type 'size_t', but argument 3 has type 'uint32_t {aka volatile long unsigned int}' [-Wformat=]
  sprintf(message3, "%zu\n", TIM2->CNT);
                       ^
../Src/main.c:440:52: warning: implicit declaration of function 'strlen' [-Wimplicit-function-declaration]
     HAL_UART_Transmit(&huart3, (uint8_t*)message3, strlen(message3), 0xFFFF);
                                                    ^~~~~~
../Src/main.c:440:52: warning: incompatible implicit declaration of built-in function 'strlen'
../Src/main.c:440:52: note: include '<string.h>' or provide a declaration of 'strlen'
Finished building: ../Src/main.c
 
Building target: hackdays.elf
Invoking: MCU GCC Linker
arm-none-eabi-gcc -mcpu=cortex-m4 -mthumb -mfloat-abi=hard -mfpu=fpv4-sp-d16 -specs=nosys.specs -specs=nano.specs -T"../STM32F429ZITx_FLASH.ld" -Wl,-Map=output.map -Wl,--gc-sections -o "hackdays.elf" @"objects.list"   -lm
Finished building target: hackdays.elf
 
make --no-print-directory post-build
Generating binary and Printing size information:
arm-none-eabi-objcopy -O binary "hackdays.elf" "hackdays.bin"
arm-none-eabi-size "hackdays.elf"
   text	   data	    bss	    dec	    hex	filename
  13740	    116	  17468	  31324	   7a5c	hackdays.elf
 
01:36:10 **** Incremental Build of configuration Debug for project hackdays ****
make all 
make: Nothing to be done for 'all'.
01:36:32 **** Incremental Build of configuration Debug for project hackdays ****
make all 
Building file: ../Src/main.c
Invoking: MCU GCC Compiler
/home/alxhoff/git/GitHub/FC-Bayern-Hackdays/stm32f4/hackdays/Debug
arm-none-eabi-gcc -mcpu=cortex-m4 -mthumb -mfloat-abi=hard -mfpu=fpv4-sp-d16 '-D__weak=__attribute__((weak))' '-D__packed="__attribute__((__packed__))"' -DUSE_HAL_DRIVER -DSTM32F429xx -I"/home/alxhoff/git/GitHub/FC-Bayern-Hackdays/stm32f4/hackdays/Inc" -I"/home/alxhoff/git/GitHub/FC-Bayern-Hackdays/stm32f4/hackdays/Drivers/STM32F4xx_HAL_Driver/Inc" -I"/home/alxhoff/git/GitHub/FC-Bayern-Hackdays/stm32f4/hackdays/Drivers/STM32F4xx_HAL_Driver/Inc/Legacy" -I"/home/alxhoff/git/GitHub/FC-Bayern-Hackdays/stm32f4/hackdays/Middlewares/Third_Party/FreeRTOS/Source/portable/GCC/ARM_CM4F" -I"/home/alxhoff/git/GitHub/FC-Bayern-Hackdays/stm32f4/hackdays/Drivers/CMSIS/Device/ST/STM32F4xx/Include" -I"/home/alxhoff/git/GitHub/FC-Bayern-Hackdays/stm32f4/hackdays/Middlewares/Third_Party/FreeRTOS/Source/include" -I"/home/alxhoff/git/GitHub/FC-Bayern-Hackdays/stm32f4/hackdays/Middlewares/Third_Party/FreeRTOS/Source/CMSIS_RTOS" -I"/home/alxhoff/git/GitHub/FC-Bayern-Hackdays/stm32f4/hackdays/Drivers/CMSIS/Include" -I"/home/alxhoff/git/GitHub/FC-Bayern-Hackdays/stm32f4/hackdays/Inc"  -Og -g3 -Wall -fmessage-length=0 -ffunction-sections -c -fmessage-length=0 -MMD -MP -MF"Src/main.d" -MT"Src/main.o" -o "Src/main.o" "../Src/main.c"
../Src/main.c: In function 'StartDefaultTask':
../Src/main.c:434:23: warning: format '%zu' expects argument of type 'size_t', but argument 3 has type 'uint32_t {aka volatile long unsigned int}' [-Wformat=]
  sprintf(message3, "%zu\n", TIM2->CNT);
                       ^
../Src/main.c:440:52: warning: implicit declaration of function 'strlen' [-Wimplicit-function-declaration]
     HAL_UART_Transmit(&huart3, (uint8_t*)message3, strlen(message3), 0xFFFF);
                                                    ^~~~~~
../Src/main.c:440:52: warning: incompatible implicit declaration of built-in function 'strlen'
../Src/main.c:440:52: note: include '<string.h>' or provide a declaration of 'strlen'
Finished building: ../Src/main.c
 
Building target: hackdays.elf
Invoking: MCU GCC Linker
arm-none-eabi-gcc -mcpu=cortex-m4 -mthumb -mfloat-abi=hard -mfpu=fpv4-sp-d16 -specs=nosys.specs -specs=nano.specs -T"../STM32F429ZITx_FLASH.ld" -Wl,-Map=output.map -Wl,--gc-sections -o "hackdays.elf" @"objects.list"   -lm
Finished building target: hackdays.elf
 
make --no-print-directory post-build
Generating binary and Printing size information:
arm-none-eabi-objcopy -O binary "hackdays.elf" "hackdays.bin"
arm-none-eabi-size "hackdays.elf"
   text	   data	    bss	    dec	    hex	filename
  13740	    116	  17468	  31324	   7a5c	hackdays.elf
 
01:36:34 **** Incremental Build of configuration Debug for project hackdays ****
make all 
make: Nothing to be done for 'all'.
01:36:54 **** Incremental Build of configuration Debug for project hackdays ****
make all 
Building file: ../Src/timer_config.c
Invoking: MCU GCC Compiler
/home/alxhoff/git/GitHub/FC-Bayern-Hackdays/stm32f4/hackdays/Debug
arm-none-eabi-gcc -mcpu=cortex-m4 -mthumb -mfloat-abi=hard -mfpu=fpv4-sp-d16 '-D__weak=__attribute__((weak))' '-D__packed="__attribute__((__packed__))"' -DUSE_HAL_DRIVER -DSTM32F429xx -I"/home/alxhoff/git/GitHub/FC-Bayern-Hackdays/stm32f4/hackdays/Inc" -I"/home/alxhoff/git/GitHub/FC-Bayern-Hackdays/stm32f4/hackdays/Drivers/STM32F4xx_HAL_Driver/Inc" -I"/home/alxhoff/git/GitHub/FC-Bayern-Hackdays/stm32f4/hackdays/Drivers/STM32F4xx_HAL_Driver/Inc/Legacy" -I"/home/alxhoff/git/GitHub/FC-Bayern-Hackdays/stm32f4/hackdays/Middlewares/Third_Party/FreeRTOS/Source/portable/GCC/ARM_CM4F" -I"/home/alxhoff/git/GitHub/FC-Bayern-Hackdays/stm32f4/hackdays/Drivers/CMSIS/Device/ST/STM32F4xx/Include" -I"/home/alxhoff/git/GitHub/FC-Bayern-Hackdays/stm32f4/hackdays/Middlewares/Third_Party/FreeRTOS/Source/include" -I"/home/alxhoff/git/GitHub/FC-Bayern-Hackdays/stm32f4/hackdays/Middlewares/Third_Party/FreeRTOS/Source/CMSIS_RTOS" -I"/home/alxhoff/git/GitHub/FC-Bayern-Hackdays/stm32f4/hackdays/Drivers/CMSIS/Include" -I"/home/alxhoff/git/GitHub/FC-Bayern-Hackdays/stm32f4/hackdays/Inc"  -Og -g3 -Wall -fmessage-length=0 -ffunction-sections -c -fmessage-length=0 -MMD -MP -MF"Src/timer_config.d" -MT"Src/timer_config.o" -o "Src/timer_config.o" "../Src/timer_config.c"
../Src/timer_config.c: In function 'my_timer_config_ms':
../Src/timer_config.c:28:25: warning: variable 'sClockSourceConfig' set but not used [-Wunused-but-set-variable]
  TIM_ClockConfigTypeDef sClockSourceConfig;
                         ^~~~~~~~~~~~~~~~~~
Finished building: ../Src/timer_config.c
 
Building target: hackdays.elf
Invoking: MCU GCC Linker
arm-none-eabi-gcc -mcpu=cortex-m4 -mthumb -mfloat-abi=hard -mfpu=fpv4-sp-d16 -specs=nosys.specs -specs=nano.specs -T"../STM32F429ZITx_FLASH.ld" -Wl,-Map=output.map -Wl,--gc-sections -o "hackdays.elf" @"objects.list"   -lm
Finished building target: hackdays.elf
 
make --no-print-directory post-build
Generating binary and Printing size information:
arm-none-eabi-objcopy -O binary "hackdays.elf" "hackdays.bin"
arm-none-eabi-size "hackdays.elf"
   text	   data	    bss	    dec	    hex	filename
  13740	    116	  17468	  31324	   7a5c	hackdays.elf
 
01:36:56 **** Incremental Build of configuration Debug for project hackdays ****
make all 
make: Nothing to be done for 'all'.
01:37:04 **** Incremental Build of configuration Debug for project hackdays ****
make all 
Building file: ../Src/timer_config.c
Invoking: MCU GCC Compiler
/home/alxhoff/git/GitHub/FC-Bayern-Hackdays/stm32f4/hackdays/Debug
arm-none-eabi-gcc -mcpu=cortex-m4 -mthumb -mfloat-abi=hard -mfpu=fpv4-sp-d16 '-D__weak=__attribute__((weak))' '-D__packed="__attribute__((__packed__))"' -DUSE_HAL_DRIVER -DSTM32F429xx -I"/home/alxhoff/git/GitHub/FC-Bayern-Hackdays/stm32f4/hackdays/Inc" -I"/home/alxhoff/git/GitHub/FC-Bayern-Hackdays/stm32f4/hackdays/Drivers/STM32F4xx_HAL_Driver/Inc" -I"/home/alxhoff/git/GitHub/FC-Bayern-Hackdays/stm32f4/hackdays/Drivers/STM32F4xx_HAL_Driver/Inc/Legacy" -I"/home/alxhoff/git/GitHub/FC-Bayern-Hackdays/stm32f4/hackdays/Middlewares/Third_Party/FreeRTOS/Source/portable/GCC/ARM_CM4F" -I"/home/alxhoff/git/GitHub/FC-Bayern-Hackdays/stm32f4/hackdays/Drivers/CMSIS/Device/ST/STM32F4xx/Include" -I"/home/alxhoff/git/GitHub/FC-Bayern-Hackdays/stm32f4/hackdays/Middlewares/Third_Party/FreeRTOS/Source/include" -I"/home/alxhoff/git/GitHub/FC-Bayern-Hackdays/stm32f4/hackdays/Middlewares/Third_Party/FreeRTOS/Source/CMSIS_RTOS" -I"/home/alxhoff/git/GitHub/FC-Bayern-Hackdays/stm32f4/hackdays/Drivers/CMSIS/Include" -I"/home/alxhoff/git/GitHub/FC-Bayern-Hackdays/stm32f4/hackdays/Inc"  -Og -g3 -Wall -fmessage-length=0 -ffunction-sections -c -fmessage-length=0 -MMD -MP -MF"Src/timer_config.d" -MT"Src/timer_config.o" -o "Src/timer_config.o" "../Src/timer_config.c"
../Src/timer_config.c: In function 'my_timer_config_ms':
../Src/timer_config.c:28:25: warning: variable 'sClockSourceConfig' set but not used [-Wunused-but-set-variable]
  TIM_ClockConfigTypeDef sClockSourceConfig;
                         ^~~~~~~~~~~~~~~~~~
Finished building: ../Src/timer_config.c
 
Building target: hackdays.elf
Invoking: MCU GCC Linker
arm-none-eabi-gcc -mcpu=cortex-m4 -mthumb -mfloat-abi=hard -mfpu=fpv4-sp-d16 -specs=nosys.specs -specs=nano.specs -T"../STM32F429ZITx_FLASH.ld" -Wl,-Map=output.map -Wl,--gc-sections -o "hackdays.elf" @"objects.list"   -lm
Finished building target: hackdays.elf
 
make --no-print-directory post-build
Generating binary and Printing size information:
arm-none-eabi-objcopy -O binary "hackdays.elf" "hackdays.bin"
arm-none-eabi-size "hackdays.elf"
   text	   data	    bss	    dec	    hex	filename
  13740	    116	  17468	  31324	   7a5c	hackdays.elf
 
01:37:06 **** Incremental Build of configuration Debug for project hackdays ****
make all 
make: Nothing to be done for 'all'.
11:26:42 **** Incremental Build of configuration Debug for project hackdays ****
make all 
Building file: ../Src/sonar.c
Invoking: MCU GCC Compiler
/home/alxhoff/git/GitHub/FC-Bayern-Hackdays/stm32f4/hackdays/Debug
arm-none-eabi-gcc -mcpu=cortex-m4 -mthumb -mfloat-abi=hard -mfpu=fpv4-sp-d16 '-D__weak=__attribute__((weak))' '-D__packed="__attribute__((__packed__))"' -DUSE_HAL_DRIVER -DSTM32F429xx -I"/home/alxhoff/git/GitHub/FC-Bayern-Hackdays/stm32f4/hackdays/Inc" -I"/home/alxhoff/git/GitHub/FC-Bayern-Hackdays/stm32f4/hackdays/Drivers/STM32F4xx_HAL_Driver/Inc" -I"/home/alxhoff/git/GitHub/FC-Bayern-Hackdays/stm32f4/hackdays/Drivers/STM32F4xx_HAL_Driver/Inc/Legacy" -I"/home/alxhoff/git/GitHub/FC-Bayern-Hackdays/stm32f4/hackdays/Middlewares/Third_Party/FreeRTOS/Source/portable/GCC/ARM_CM4F" -I"/home/alxhoff/git/GitHub/FC-Bayern-Hackdays/stm32f4/hackdays/Drivers/CMSIS/Device/ST/STM32F4xx/Include" -I"/home/alxhoff/git/GitHub/FC-Bayern-Hackdays/stm32f4/hackdays/Middlewares/Third_Party/FreeRTOS/Source/include" -I"/home/alxhoff/git/GitHub/FC-Bayern-Hackdays/stm32f4/hackdays/Middlewares/Third_Party/FreeRTOS/Source/CMSIS_RTOS" -I"/home/alxhoff/git/GitHub/FC-Bayern-Hackdays/stm32f4/hackdays/Drivers/CMSIS/Include" -I"/home/alxhoff/git/GitHub/FC-Bayern-Hackdays/stm32f4/hackdays/Inc"  -Og -g3 -Wall -fmessage-length=0 -ffunction-sections -c -fmessage-length=0 -MMD -MP -MF"Src/sonar.d" -MT"Src/sonar.o" -o "Src/sonar.o" "../Src/sonar.c"
../Src/sonar.c: In function 'query_sonar':
../Src/sonar.c:18:2: warning: implicit declaration of function 'Delay_us' [-Wimplicit-function-declaration]
  Delay_us(2);
  ^~~~~~~~
../Src/sonar.c:24:2: error: expected ';' before 'HAL_GPIO_WritePin'
  HAL_GPIO_WritePin(trig_port, trig_pin, GPIO_PIN_RESET);
  ^~~~~~~~~~~~~~~~~
../Src/sonar.c:37:31: error: 'HCSR04_SCALAR' undeclared (first use in this function)
  ret_distance = (float)time * HCSR04_SCALAR;
                               ^~~~~~~~~~~~~
../Src/sonar.c:37:31: note: each undeclared identifier is reported only once for each function it appears in
make: *** [Src/subdir.mk:42: Src/sonar.o] Error 1
11:27:02 **** Incremental Build of configuration Debug for project hackdays ****
make all 
Building file: ../Src/sonar.c
Invoking: MCU GCC Compiler
/home/alxhoff/git/GitHub/FC-Bayern-Hackdays/stm32f4/hackdays/Debug
arm-none-eabi-gcc -mcpu=cortex-m4 -mthumb -mfloat-abi=hard -mfpu=fpv4-sp-d16 '-D__weak=__attribute__((weak))' '-D__packed="__attribute__((__packed__))"' -DUSE_HAL_DRIVER -DSTM32F429xx -I"/home/alxhoff/git/GitHub/FC-Bayern-Hackdays/stm32f4/hackdays/Inc" -I"/home/alxhoff/git/GitHub/FC-Bayern-Hackdays/stm32f4/hackdays/Drivers/STM32F4xx_HAL_Driver/Inc" -I"/home/alxhoff/git/GitHub/FC-Bayern-Hackdays/stm32f4/hackdays/Drivers/STM32F4xx_HAL_Driver/Inc/Legacy" -I"/home/alxhoff/git/GitHub/FC-Bayern-Hackdays/stm32f4/hackdays/Middlewares/Third_Party/FreeRTOS/Source/portable/GCC/ARM_CM4F" -I"/home/alxhoff/git/GitHub/FC-Bayern-Hackdays/stm32f4/hackdays/Drivers/CMSIS/Device/ST/STM32F4xx/Include" -I"/home/alxhoff/git/GitHub/FC-Bayern-Hackdays/stm32f4/hackdays/Middlewares/Third_Party/FreeRTOS/Source/include" -I"/home/alxhoff/git/GitHub/FC-Bayern-Hackdays/stm32f4/hackdays/Middlewares/Third_Party/FreeRTOS/Source/CMSIS_RTOS" -I"/home/alxhoff/git/GitHub/FC-Bayern-Hackdays/stm32f4/hackdays/Drivers/CMSIS/Include" -I"/home/alxhoff/git/GitHub/FC-Bayern-Hackdays/stm32f4/hackdays/Inc"  -Og -g3 -Wall -fmessage-length=0 -ffunction-sections -c -fmessage-length=0 -MMD -MP -MF"Src/sonar.d" -MT"Src/sonar.o" -o "Src/sonar.o" "../Src/sonar.c"
../Src/sonar.c:11:7: error: conflicting types for 'query_sonar'
 float query_sonar(GPIO_TypeDef* trig_port, uint16_t trig_pin,
       ^~~~~~~~~~~
In file included from ../Src/sonar.c:9:0:
/home/alxhoff/git/GitHub/FC-Bayern-Hackdays/stm32f4/hackdays/Inc/sonar.h:13:5: note: previous declaration of 'query_sonar' was here
 int query_sonar(GPIO_TypeDef* trig_port, uint16_t trig_pin,
     ^~~~~~~~~~~
../Src/sonar.c: In function 'query_sonar':
../Src/sonar.c:19:2: warning: implicit declaration of function 'Delay_us' [-Wimplicit-function-declaration]
  Delay_us(2);
  ^~~~~~~~
In file included from ../Src/sonar.c:9:0:
/home/alxhoff/git/GitHub/FC-Bayern-Hackdays/stm32f4/hackdays/Inc/sonar.h:11:23: error: expected expression before '=' token
 #define HCSR04_SCALAR = ((float)0.0171821)
                       ^
../Src/sonar.c:38:31: note: in expansion of macro 'HCSR04_SCALAR'
  ret_distance = (float)time * HCSR04_SCALAR;
                               ^~~~~~~~~~~~~
make: *** [Src/subdir.mk:42: Src/sonar.o] Error 1
11:27:15 **** Incremental Build of configuration Debug for project hackdays ****
make all 
Building file: ../Src/sonar.c
Invoking: MCU GCC Compiler
/home/alxhoff/git/GitHub/FC-Bayern-Hackdays/stm32f4/hackdays/Debug
arm-none-eabi-gcc -mcpu=cortex-m4 -mthumb -mfloat-abi=hard -mfpu=fpv4-sp-d16 '-D__weak=__attribute__((weak))' '-D__packed="__attribute__((__packed__))"' -DUSE_HAL_DRIVER -DSTM32F429xx -I"/home/alxhoff/git/GitHub/FC-Bayern-Hackdays/stm32f4/hackdays/Inc" -I"/home/alxhoff/git/GitHub/FC-Bayern-Hackdays/stm32f4/hackdays/Drivers/STM32F4xx_HAL_Driver/Inc" -I"/home/alxhoff/git/GitHub/FC-Bayern-Hackdays/stm32f4/hackdays/Drivers/STM32F4xx_HAL_Driver/Inc/Legacy" -I"/home/alxhoff/git/GitHub/FC-Bayern-Hackdays/stm32f4/hackdays/Middlewares/Third_Party/FreeRTOS/Source/portable/GCC/ARM_CM4F" -I"/home/alxhoff/git/GitHub/FC-Bayern-Hackdays/stm32f4/hackdays/Drivers/CMSIS/Device/ST/STM32F4xx/Include" -I"/home/alxhoff/git/GitHub/FC-Bayern-Hackdays/stm32f4/hackdays/Middlewares/Third_Party/FreeRTOS/Source/include" -I"/home/alxhoff/git/GitHub/FC-Bayern-Hackdays/stm32f4/hackdays/Middlewares/Third_Party/FreeRTOS/Source/CMSIS_RTOS" -I"/home/alxhoff/git/GitHub/FC-Bayern-Hackdays/stm32f4/hackdays/Drivers/CMSIS/Include" -I"/home/alxhoff/git/GitHub/FC-Bayern-Hackdays/stm32f4/hackdays/Inc"  -Og -g3 -Wall -fmessage-length=0 -ffunction-sections -c -fmessage-length=0 -MMD -MP -MF"Src/sonar.d" -MT"Src/sonar.o" -o "Src/sonar.o" "../Src/sonar.c"
../Src/sonar.c: In function 'query_sonar':
../Src/sonar.c:19:2: warning: implicit declaration of function 'Delay_us' [-Wimplicit-function-declaration]
  Delay_us(2);
  ^~~~~~~~
In file included from ../Src/sonar.c:9:0:
/home/alxhoff/git/GitHub/FC-Bayern-Hackdays/stm32f4/hackdays/Inc/sonar.h:11:23: error: expected expression before '=' token
 #define HCSR04_SCALAR = ((float)0.0171821)
                       ^
../Src/sonar.c:38:31: note: in expansion of macro 'HCSR04_SCALAR'
  ret_distance = (float)time * HCSR04_SCALAR;
                               ^~~~~~~~~~~~~
make: *** [Src/subdir.mk:42: Src/sonar.o] Error 1
11:27:24 **** Incremental Build of configuration Debug for project hackdays ****
make all 
Building file: ../Src/sonar.c
Invoking: MCU GCC Compiler
/home/alxhoff/git/GitHub/FC-Bayern-Hackdays/stm32f4/hackdays/Debug
arm-none-eabi-gcc -mcpu=cortex-m4 -mthumb -mfloat-abi=hard -mfpu=fpv4-sp-d16 '-D__weak=__attribute__((weak))' '-D__packed="__attribute__((__packed__))"' -DUSE_HAL_DRIVER -DSTM32F429xx -I"/home/alxhoff/git/GitHub/FC-Bayern-Hackdays/stm32f4/hackdays/Inc" -I"/home/alxhoff/git/GitHub/FC-Bayern-Hackdays/stm32f4/hackdays/Drivers/STM32F4xx_HAL_Driver/Inc" -I"/home/alxhoff/git/GitHub/FC-Bayern-Hackdays/stm32f4/hackdays/Drivers/STM32F4xx_HAL_Driver/Inc/Legacy" -I"/home/alxhoff/git/GitHub/FC-Bayern-Hackdays/stm32f4/hackdays/Middlewares/Third_Party/FreeRTOS/Source/portable/GCC/ARM_CM4F" -I"/home/alxhoff/git/GitHub/FC-Bayern-Hackdays/stm32f4/hackdays/Drivers/CMSIS/Device/ST/STM32F4xx/Include" -I"/home/alxhoff/git/GitHub/FC-Bayern-Hackdays/stm32f4/hackdays/Middlewares/Third_Party/FreeRTOS/Source/include" -I"/home/alxhoff/git/GitHub/FC-Bayern-Hackdays/stm32f4/hackdays/Middlewares/Third_Party/FreeRTOS/Source/CMSIS_RTOS" -I"/home/alxhoff/git/GitHub/FC-Bayern-Hackdays/stm32f4/hackdays/Drivers/CMSIS/Include" -I"/home/alxhoff/git/GitHub/FC-Bayern-Hackdays/stm32f4/hackdays/Inc"  -Og -g3 -Wall -fmessage-length=0 -ffunction-sections -c -fmessage-length=0 -MMD -MP -MF"Src/sonar.d" -MT"Src/sonar.o" -o "Src/sonar.o" "../Src/sonar.c"
../Src/sonar.c: In function 'query_sonar':
../Src/sonar.c:19:2: warning: implicit declaration of function 'Delay_us' [-Wimplicit-function-declaration]
  Delay_us(2);
  ^~~~~~~~
../Src/sonar.c:38:17: warning: 'time' may be used uninitialized in this function [-Wmaybe-uninitialized]
  ret_distance = (float)time * HCSR04_SCALAR;
                 ^~~~~~~~~~~
Finished building: ../Src/sonar.c
 
Building target: hackdays.elf
Invoking: MCU GCC Linker
arm-none-eabi-gcc -mcpu=cortex-m4 -mthumb -mfloat-abi=hard -mfpu=fpv4-sp-d16 -specs=nosys.specs -specs=nano.specs -T"../STM32F429ZITx_FLASH.ld" -Wl,-Map=output.map -Wl,--gc-sections -o "hackdays.elf" @"objects.list"   -lm
Finished building target: hackdays.elf
 
make --no-print-directory post-build
Generating binary and Printing size information:
arm-none-eabi-objcopy -O binary "hackdays.elf" "hackdays.bin"
arm-none-eabi-size "hackdays.elf"
   text	   data	    bss	    dec	    hex	filename
  13740	    116	  17468	  31324	   7a5c	hackdays.elf
 
11:29:43 **** Build of configuration Debug for project hackdays ****
make all 
make: Nothing to be done for 'all'.
